 fleet_model_sfun

 Timestamp is 55bb7803 (Fri Jul 31 14:28:35 2015)

 Preferred load address is 0000000180000000

 Start         Length     Name                   Class
 0001:00000000 00057e84H .text                   CODE
 0001:00057e90 00000092H .text$x                 CODE
 0002:00000000 00000470H .idata$5                DATA
 0002:00000470 00000008H .CRT$XCA                DATA
 0002:00000478 00000008H .CRT$XCZ                DATA
 0002:00000480 00000008H .CRT$XIA                DATA
 0002:00000488 00000008H .CRT$XIAA               DATA
 0002:00000490 00000008H .CRT$XIZ                DATA
 0002:000004a0 000008acH .rdata                  DATA
 0002:00000d50 00000008H .rtc$IAA                DATA
 0002:00000d58 00000008H .rtc$IZZ                DATA
 0002:00000d60 00000008H .rtc$TAA                DATA
 0002:00000d68 00000008H .rtc$TZZ                DATA
 0002:00000d70 00001760H .xdata                  DATA
 0002:000024d0 0000008cH .idata$2                DATA
 0002:0000255c 00000014H .idata$3                DATA
 0002:00002570 00000470H .idata$4                DATA
 0002:000029e0 00000c14H .idata$6                DATA
 0002:00003600 00000056H .edata                  DATA
 0003:00000000 00015448H .data                   DATA
 0003:00015450 00000758H .bss                    DATA
 0004:00000000 00001fa4H .pdata                  DATA

  Address         Publics by Value              Rva+Base               Lib:Object

 0000:00000000       ___safe_se_handler_count   0000000000000000     <absolute>
 0000:00000000       ___safe_se_handler_table   0000000000000000     <absolute>
 0000:00000000       __ImageBase                0000000180000000     <linker-defined>
 0001:00000000       fleet_model_initializer    0000000180001000 f   fleet_model_sfun.obj
 0001:00000010       fleet_model_terminator     0000000180001010 f   fleet_model_sfun.obj
 0001:00000020       sf_fleet_model_method_dispatcher 0000000180001020 f   fleet_model_sfun.obj
 0001:00000230       sf_fleet_model_process_check_sum_call 0000000180001230 f   fleet_model_sfun.obj
 0001:00000770       sf_fleet_model_autoinheritance_info 0000000180001770 f   fleet_model_sfun.obj
 0001:00000ce0       sf_fleet_model_get_eml_resolved_functions_info 0000000180001ce0 f   fleet_model_sfun.obj
 0001:00001150       sf_fleet_model_third_party_uses_info 0000000180002150 f   fleet_model_sfun.obj
 0001:00001530       sf_fleet_model_updateBuildInfo_args_info 0000000180002530 f   fleet_model_sfun.obj
 0001:00001910       fleet_model_debug_initialize 0000000180002910 f   fleet_model_sfun.obj
 0001:00001990       fleet_model_register_exported_symbols 0000000180002990 f   fleet_model_sfun.obj
 0001:000019a0       load_fleet_model_optimization_info 00000001800029a0 f   fleet_model_sfun.obj
 0001:000019f0       unload_fleet_model_optimization_info 00000001800029f0 f   fleet_model_sfun.obj
 0001:00001a20       sf_c1_fleet_model_get_eml_resolved_functions_info 0000000180002a20 f   c1_fleet_model.obj
 0001:00005600       sf_c1_fleet_model_get_check_sum 0000000180006600 f   c1_fleet_model.obj
 0001:00005680       sf_c1_fleet_model_get_autoinheritance_info 0000000180006680 f   c1_fleet_model.obj
 0001:00005d40       sf_c1_fleet_model_third_party_uses_info 0000000180006d40 f   c1_fleet_model.obj
 0001:00005d70       sf_c1_fleet_model_updateBuildInfo_args_info 0000000180006d70 f   c1_fleet_model.obj
 0001:00005da0       sf_internal_get_sim_state_c1_fleet_model 0000000180006da0 f   c1_fleet_model.obj
 0001:00006290       sf_internal_set_sim_state_c1_fleet_model 0000000180007290 f   c1_fleet_model.obj
 0001:00006710       c1_fleet_model_method_dispatcher 0000000180007710 f   c1_fleet_model.obj
 0001:0000a470       sf_c2_fleet_model_get_eml_resolved_functions_info 000000018000b470 f   c2_fleet_model.obj
 0001:0000cf30       sf_c2_fleet_model_get_check_sum 000000018000df30 f   c2_fleet_model.obj
 0001:0000cfb0       sf_c2_fleet_model_get_autoinheritance_info 000000018000dfb0 f   c2_fleet_model.obj
 0001:0000d8f0       sf_c2_fleet_model_third_party_uses_info 000000018000e8f0 f   c2_fleet_model.obj
 0001:0000d920       sf_c2_fleet_model_updateBuildInfo_args_info 000000018000e920 f   c2_fleet_model.obj
 0001:0000d950       sf_internal_get_sim_state_c2_fleet_model 000000018000e950 f   c2_fleet_model.obj
 0001:0000ddc0       sf_internal_set_sim_state_c2_fleet_model 000000018000edc0 f   c2_fleet_model.obj
 0001:0000e3c0       c2_fleet_model_method_dispatcher 000000018000f3c0 f   c2_fleet_model.obj
 0001:00011a30       sf_c3_fleet_model_get_eml_resolved_functions_info 0000000180012a30 f   c3_fleet_model.obj
 0001:00015610       sf_c3_fleet_model_get_check_sum 0000000180016610 f   c3_fleet_model.obj
 0001:00015690       sf_c3_fleet_model_get_autoinheritance_info 0000000180016690 f   c3_fleet_model.obj
 0001:00015d50       sf_c3_fleet_model_third_party_uses_info 0000000180016d50 f   c3_fleet_model.obj
 0001:00015d80       sf_c3_fleet_model_updateBuildInfo_args_info 0000000180016d80 f   c3_fleet_model.obj
 0001:00015db0       sf_internal_get_sim_state_c3_fleet_model 0000000180016db0 f   c3_fleet_model.obj
 0001:000162b0       sf_internal_set_sim_state_c3_fleet_model 00000001800172b0 f   c3_fleet_model.obj
 0001:00016730       c3_fleet_model_method_dispatcher 0000000180017730 f   c3_fleet_model.obj
 0001:0001a490       sf_c4_fleet_model_get_eml_resolved_functions_info 000000018001b490 f   c4_fleet_model.obj
 0001:0001cf50       sf_c4_fleet_model_get_check_sum 000000018001df50 f   c4_fleet_model.obj
 0001:0001cfd0       sf_c4_fleet_model_get_autoinheritance_info 000000018001dfd0 f   c4_fleet_model.obj
 0001:0001d910       sf_c4_fleet_model_third_party_uses_info 000000018001e910 f   c4_fleet_model.obj
 0001:0001d940       sf_c4_fleet_model_updateBuildInfo_args_info 000000018001e940 f   c4_fleet_model.obj
 0001:0001d970       sf_internal_get_sim_state_c4_fleet_model 000000018001e970 f   c4_fleet_model.obj
 0001:0001de00       sf_internal_set_sim_state_c4_fleet_model 000000018001ee00 f   c4_fleet_model.obj
 0001:0001e400       c4_fleet_model_method_dispatcher 000000018001f400 f   c4_fleet_model.obj
 0001:00021aa0       sf_c5_fleet_model_get_eml_resolved_functions_info 0000000180022aa0 f   c5_fleet_model.obj
 0001:00025680       sf_c5_fleet_model_get_check_sum 0000000180026680 f   c5_fleet_model.obj
 0001:00025700       sf_c5_fleet_model_get_autoinheritance_info 0000000180026700 f   c5_fleet_model.obj
 0001:00025dc0       sf_c5_fleet_model_third_party_uses_info 0000000180026dc0 f   c5_fleet_model.obj
 0001:00025df0       sf_c5_fleet_model_updateBuildInfo_args_info 0000000180026df0 f   c5_fleet_model.obj
 0001:00025e20       sf_internal_get_sim_state_c5_fleet_model 0000000180026e20 f   c5_fleet_model.obj
 0001:00026310       sf_internal_set_sim_state_c5_fleet_model 0000000180027310 f   c5_fleet_model.obj
 0001:00026790       c5_fleet_model_method_dispatcher 0000000180027790 f   c5_fleet_model.obj
 0001:0002a4f0       sf_c6_fleet_model_get_eml_resolved_functions_info 000000018002b4f0 f   c6_fleet_model.obj
 0001:0002b730       sf_c6_fleet_model_get_check_sum 000000018002c730 f   c6_fleet_model.obj
 0001:0002b7b0       sf_c6_fleet_model_get_autoinheritance_info 000000018002c7b0 f   c6_fleet_model.obj
 0001:0002bfa0       sf_c6_fleet_model_third_party_uses_info 000000018002cfa0 f   c6_fleet_model.obj
 0001:0002bfd0       sf_c6_fleet_model_updateBuildInfo_args_info 000000018002cfd0 f   c6_fleet_model.obj
 0001:0002c000       sf_internal_get_sim_state_c6_fleet_model 000000018002d000 f   c6_fleet_model.obj
 0001:0002c480       sf_internal_set_sim_state_c6_fleet_model 000000018002d480 f   c6_fleet_model.obj
 0001:0002c9d0       c6_fleet_model_method_dispatcher 000000018002d9d0 f   c6_fleet_model.obj
 0001:0002f8f0       sf_c7_fleet_model_get_eml_resolved_functions_info 00000001800308f0 f   c7_fleet_model.obj
 0001:00031010       sf_c7_fleet_model_get_check_sum 0000000180032010 f   c7_fleet_model.obj
 0001:00031090       sf_c7_fleet_model_get_autoinheritance_info 0000000180032090 f   c7_fleet_model.obj
 0001:000314b0       sf_c7_fleet_model_third_party_uses_info 00000001800324b0 f   c7_fleet_model.obj
 0001:000314e0       sf_c7_fleet_model_updateBuildInfo_args_info 00000001800324e0 f   c7_fleet_model.obj
 0001:00031510       sf_internal_get_sim_state_c7_fleet_model 0000000180032510 f   c7_fleet_model.obj
 0001:00031870       sf_internal_set_sim_state_c7_fleet_model 0000000180032870 f   c7_fleet_model.obj
 0001:00031c60       c7_fleet_model_method_dispatcher 0000000180032c60 f   c7_fleet_model.obj
 0001:00033850       sf_c8_fleet_model_get_eml_resolved_functions_info 0000000180034850 f   c8_fleet_model.obj
 0001:00034a90       sf_c8_fleet_model_get_check_sum 0000000180035a90 f   c8_fleet_model.obj
 0001:00034b10       sf_c8_fleet_model_get_autoinheritance_info 0000000180035b10 f   c8_fleet_model.obj
 0001:00035300       sf_c8_fleet_model_third_party_uses_info 0000000180036300 f   c8_fleet_model.obj
 0001:00035330       sf_c8_fleet_model_updateBuildInfo_args_info 0000000180036330 f   c8_fleet_model.obj
 0001:00035360       sf_internal_get_sim_state_c8_fleet_model 0000000180036360 f   c8_fleet_model.obj
 0001:000357e0       sf_internal_set_sim_state_c8_fleet_model 00000001800367e0 f   c8_fleet_model.obj
 0001:00035d30       c8_fleet_model_method_dispatcher 0000000180036d30 f   c8_fleet_model.obj
 0001:00038c50       sf_c9_fleet_model_get_eml_resolved_functions_info 0000000180039c50 f   c9_fleet_model.obj
 0001:0003a370       sf_c9_fleet_model_get_check_sum 000000018003b370 f   c9_fleet_model.obj
 0001:0003a3f0       sf_c9_fleet_model_get_autoinheritance_info 000000018003b3f0 f   c9_fleet_model.obj
 0001:0003a810       sf_c9_fleet_model_third_party_uses_info 000000018003b810 f   c9_fleet_model.obj
 0001:0003a840       sf_c9_fleet_model_updateBuildInfo_args_info 000000018003b840 f   c9_fleet_model.obj
 0001:0003a870       sf_internal_get_sim_state_c9_fleet_model 000000018003b870 f   c9_fleet_model.obj
 0001:0003abe0       sf_internal_set_sim_state_c9_fleet_model 000000018003bbe0 f   c9_fleet_model.obj
 0001:0003afd0       c9_fleet_model_method_dispatcher 000000018003bfd0 f   c9_fleet_model.obj
 0001:0003cbc0       sf_c10_fleet_model_get_eml_resolved_functions_info 000000018003dbc0 f   c10_fleet_model.obj
 0001:0003f680       sf_c10_fleet_model_get_check_sum 0000000180040680 f   c10_fleet_model.obj
 0001:0003f700       sf_c10_fleet_model_get_autoinheritance_info 0000000180040700 f   c10_fleet_model.obj
 0001:00040040       sf_c10_fleet_model_third_party_uses_info 0000000180041040 f   c10_fleet_model.obj
 0001:00040070       sf_c10_fleet_model_updateBuildInfo_args_info 0000000180041070 f   c10_fleet_model.obj
 0001:000400a0       sf_internal_get_sim_state_c10_fleet_model 00000001800410a0 f   c10_fleet_model.obj
 0001:00040530       sf_internal_set_sim_state_c10_fleet_model 0000000180041530 f   c10_fleet_model.obj
 0001:00040b30       c10_fleet_model_method_dispatcher 0000000180041b30 f   c10_fleet_model.obj
 0001:000441d0       sf_c15_fleet_model_get_eml_resolved_functions_info 00000001800451d0 f   c15_fleet_model.obj
 0001:00044250       sf_c15_fleet_model_get_check_sum 0000000180045250 f   c15_fleet_model.obj
 0001:000442d0       sf_c15_fleet_model_get_autoinheritance_info 00000001800452d0 f   c15_fleet_model.obj
 0001:00044840       sf_c15_fleet_model_third_party_uses_info 0000000180045840 f   c15_fleet_model.obj
 0001:00044870       sf_c15_fleet_model_updateBuildInfo_args_info 0000000180045870 f   c15_fleet_model.obj
 0001:000448a0       sf_internal_get_sim_state_c15_fleet_model 00000001800458a0 f   c15_fleet_model.obj
 0001:00044d30       sf_internal_set_sim_state_c15_fleet_model 0000000180045d30 f   c15_fleet_model.obj
 0001:00045280       c15_fleet_model_method_dispatcher 0000000180046280 f   c15_fleet_model.obj
 0001:000474b0       sf_c16_fleet_model_get_eml_resolved_functions_info 00000001800484b0 f   c16_fleet_model.obj
 0001:00047530       sf_c16_fleet_model_get_check_sum 0000000180048530 f   c16_fleet_model.obj
 0001:000475b0       sf_c16_fleet_model_get_autoinheritance_info 00000001800485b0 f   c16_fleet_model.obj
 0001:00047b20       sf_c16_fleet_model_third_party_uses_info 0000000180048b20 f   c16_fleet_model.obj
 0001:00047b50       sf_c16_fleet_model_updateBuildInfo_args_info 0000000180048b50 f   c16_fleet_model.obj
 0001:00047b80       sf_internal_get_sim_state_c16_fleet_model 0000000180048b80 f   c16_fleet_model.obj
 0001:00048010       sf_internal_set_sim_state_c16_fleet_model 0000000180049010 f   c16_fleet_model.obj
 0001:00048560       c16_fleet_model_method_dispatcher 0000000180049560 f   c16_fleet_model.obj
 0001:0004a7a0       sf_c17_fleet_model_get_eml_resolved_functions_info 000000018004b7a0 f   c17_fleet_model.obj
 0001:0004a820       sf_c17_fleet_model_get_check_sum 000000018004b820 f   c17_fleet_model.obj
 0001:0004a8a0       sf_c17_fleet_model_get_autoinheritance_info 000000018004b8a0 f   c17_fleet_model.obj
 0001:0004ae10       sf_c17_fleet_model_third_party_uses_info 000000018004be10 f   c17_fleet_model.obj
 0001:0004ae40       sf_c17_fleet_model_updateBuildInfo_args_info 000000018004be40 f   c17_fleet_model.obj
 0001:0004ae70       sf_internal_get_sim_state_c17_fleet_model 000000018004be70 f   c17_fleet_model.obj
 0001:0004b300       sf_internal_set_sim_state_c17_fleet_model 000000018004c300 f   c17_fleet_model.obj
 0001:0004b850       c17_fleet_model_method_dispatcher 000000018004c850 f   c17_fleet_model.obj
 0001:0004da80       sf_c18_fleet_model_get_eml_resolved_functions_info 000000018004ea80 f   c18_fleet_model.obj
 0001:0004db00       sf_c18_fleet_model_get_check_sum 000000018004eb00 f   c18_fleet_model.obj
 0001:0004db80       sf_c18_fleet_model_get_autoinheritance_info 000000018004eb80 f   c18_fleet_model.obj
 0001:0004e0f0       sf_c18_fleet_model_third_party_uses_info 000000018004f0f0 f   c18_fleet_model.obj
 0001:0004e120       sf_c18_fleet_model_updateBuildInfo_args_info 000000018004f120 f   c18_fleet_model.obj
 0001:0004e150       sf_internal_get_sim_state_c18_fleet_model 000000018004f150 f   c18_fleet_model.obj
 0001:0004e5d0       sf_internal_set_sim_state_c18_fleet_model 000000018004f5d0 f   c18_fleet_model.obj
 0001:0004eb20       c18_fleet_model_method_dispatcher 000000018004fb20 f   c18_fleet_model.obj
 0001:00050d50       sf_process_check_sum_call  0000000180051d50 f   fleet_model_sfun_registry.obj
 0001:00050da0       sf_process_autoinheritance_call 0000000180051da0 f   fleet_model_sfun_registry.obj
 0001:00050f40       sf_process_get_third_party_uses_info_call 0000000180051f40 f   fleet_model_sfun_registry.obj
 0001:000510e0       sf_process_get_updateBuildInfo_args_info_call 00000001800520e0 f   fleet_model_sfun_registry.obj
 0001:00051280       sf_process_get_eml_resolved_functions_info_call 0000000180052280 f   fleet_model_sfun_registry.obj
 0001:00051400       sf_mex_unlock_call         0000000180052400 f   fleet_model_sfun_registry.obj
 0001:000514b0       sf_machine_global_initializer_called 00000001800524b0 f   fleet_model_sfun_registry.obj
 0001:000514e0       sf_machine_global_method_dispatcher 00000001800524e0 f   fleet_model_sfun_registry.obj
 0001:00051540       sf_machine_global_terminator 0000000180052540 f   fleet_model_sfun_registry.obj
 0001:00051590       sf_register_machine_exported_symbols 0000000180052590 f   fleet_model_sfun_registry.obj
 0001:000515b0       callCustomFcn              00000001800525b0 f   fleet_model_sfun_registry.obj
 0001:000515c0       sf_machine_global_initializer 00000001800525c0 f   fleet_model_sfun_registry.obj
 0001:00051640       mdlGetSimState             0000000180052640 f   fleet_model_sfun_registry.obj
 0001:000516c0       mdlSetSimState             00000001800526c0 f   fleet_model_sfun_registry.obj
 0001:00051700       _ssSetStateAbsTol          0000000180052700 f   fleet_model_sfun_registry.obj
 0001:000517e0       _ssGetAbsTol               00000001800527e0 f   fleet_model_sfun_registry.obj
 0001:00051850       _ssSetInputPortMatrixDimensions 0000000180052850 f   fleet_model_sfun_registry.obj
 0001:00051960       _ssSetOutputPortMatrixDimensions 0000000180052960 f   fleet_model_sfun_registry.obj
 0001:00051a70       _ssSetInputPortVectorDimension 0000000180052a70 f   fleet_model_sfun_registry.obj
 0001:00051b40       _ssSetOutputPortVectorDimension 0000000180052b40 f   fleet_model_sfun_registry.obj
 0001:00051c10       ssIsRunTimeParamTunable    0000000180052c10 f   fleet_model_sfun_registry.obj
 0001:00051c80       ssGetSFuncBlockHandle      0000000180052c80 f   fleet_model_sfun_registry.obj
 0001:00051cf0       _ssGetCurrentInputPortWidth 0000000180052cf0 f   fleet_model_sfun_registry.obj
 0001:00051e10       _ssGetCurrentOutputPortWidth 0000000180052e10 f   fleet_model_sfun_registry.obj
 0001:00051f30       _ssGetCallSystemNumFcnCallDestinations 0000000180052f30 f   fleet_model_sfun_registry.obj
 0001:00051fa0       ssWarning                  0000000180052fa0 f   fleet_model_sfun_registry.obj
 0001:000520b0       ssGetIsZeroCrossControlDisabled 00000001800530b0 f   fleet_model_sfun_registry.obj
 0001:00052120       ssSetIsInputPortUsedForContZcSignal 0000000180053120 f   fleet_model_sfun_registry.obj
 0001:00052190       ssSetZcSignalIsZcElementDisc 0000000180053190 f   fleet_model_sfun_registry.obj
 0001:00052240       ssSetZcSignalName          0000000180053240 f   fleet_model_sfun_registry.obj
 0001:000522b0       ssSetZcSignalWidth         00000001800532b0 f   fleet_model_sfun_registry.obj
 0001:00052320       ssSetZcSignalZcEventType   0000000180053320 f   fleet_model_sfun_registry.obj
 0001:00052390       ssSetZcSignalType          0000000180053390 f   fleet_model_sfun_registry.obj
 0001:00052400       ssSetZcSignalZcTol         0000000180053400 f   fleet_model_sfun_registry.obj
 0001:00052470       ssSetZcSignalNeedsEventNotification 0000000180053470 f   fleet_model_sfun_registry.obj
 0001:000524e0       ssCreateAndAddZcSignalInfo 00000001800534e0 f   fleet_model_sfun_registry.obj
 0001:00052550       ssCloneAndAddZcSignalInfo  0000000180053550 f   fleet_model_sfun_registry.obj
 0001:000525c0       ssGetNumZcSignals          00000001800535c0 f   fleet_model_sfun_registry.obj
 0001:00052630       ssGetZcSignalVector        0000000180053630 f   fleet_model_sfun_registry.obj
 0001:000526a0       ssGetZcSignalZcEvents      00000001800536a0 f   fleet_model_sfun_registry.obj
 0001:00052710       ssGetZcSignalName          0000000180053710 f   fleet_model_sfun_registry.obj
 0001:00052780       ssGetZcSignalWidth         0000000180053780 f   fleet_model_sfun_registry.obj
 0001:000527f0       ssGetZcSignalZcEventType   00000001800537f0 f   fleet_model_sfun_registry.obj
 0001:00052860       ssGetZcSignalType          0000000180053860 f   fleet_model_sfun_registry.obj
 0001:000528d0       ssGetZcSignalZcTol         00000001800538d0 f   fleet_model_sfun_registry.obj
 0001:00052950       ssGetZcSignalNeedsEventNotification 0000000180053950 f   fleet_model_sfun_registry.obj
 0001:000529c0       ssGetZcSignalIsZcElementDisc 00000001800539c0 f   fleet_model_sfun_registry.obj
 0001:00052a60       ssGetIsInputPortElementContinuous 0000000180053a60 f   fleet_model_sfun_registry.obj
 0001:00052b00       _ssGetInputPortSignalPtrsFcn 0000000180053b00 f   fleet_model_sfun_registry.obj
 0001:00052dc0       _ssGetInputPortSignalFcn   0000000180053dc0 f   fleet_model_sfun_registry.obj
 0001:00052fe0       _ssSetInputPortDirectFeedThroughFcn 0000000180053fe0 f   fleet_model_sfun_registry.obj
 0001:00053140       _ssSetInputPortReusableFcn 0000000180054140 f   fleet_model_sfun_registry.obj
 0001:00053230       _ssSetOutputPortReusableFcn 0000000180054230 f   fleet_model_sfun_registry.obj
 0001:00053310       ssGetDTypeIdFromMxArray    0000000180054310 f   fleet_model_sfun_registry.obj
 0001:00053430       ssWriteRTWStr              0000000180054430 f   fleet_model_sfun_registry.obj
 0001:00053490       ssWriteRTWMxVectParam      0000000180054490 f   fleet_model_sfun_registry.obj
 0001:000534f0       ssWriteRTWMx2dMatParam     00000001800544f0 f   fleet_model_sfun_registry.obj
 0001:00053570       ssWriteRTWNameValuePair    0000000180054570 f   fleet_model_sfun_registry.obj
 0001:00053a60       ssWriteRTWParameters       0000000180054a60 f   fleet_model_sfun_registry.obj
 0001:00054060       ssWriteRTWParamSettings    0000000180055060 f   fleet_model_sfun_registry.obj
 0001:00054730       ssWriteRTWWorkVect         0000000180055730 f   fleet_model_sfun_registry.obj
 0001:00054c30       mexFunction                0000000180055c30 f   fleet_model_sfun_registry.obj
 0001:000570b0       ProcessMexSfunctionEveryCall 00000001800580b0 f   fleet_model_sfun_registry.obj
 0001:00057232       sf_debug_set_machine_data_thresholds 0000000180058232 f   sf_runtime:sf_runtime.dll
 0001:00057238       sf_debug_set_machine_event_thresholds 0000000180058238 f   sf_runtime:sf_runtime.dll
 0001:0005723e       sf_debug_initialize_machine 000000018005823e f   sf_runtime:sf_runtime.dll
 0001:00057244       sf_load_rtw_optimization_info 0000000180058244 f   sf_runtime:sf_runtime.dll
 0001:0005724a       sf_mex_emlrtNameCapturePostProcessR2012a 000000018005824a f   sf_runtime:sf_runtime.dll
 0001:00057250       sf_mex_assign              0000000180058250 f   sf_runtime:sf_runtime.dll
 0001:00057256       sf_mex_createstruct        0000000180058256 f   sf_runtime:sf_runtime.dll
 0001:0005725c       sf_mex_destroy             000000018005825c f   sf_runtime:sf_runtime.dll
 0001:00057262       sf_mex_duplicatearraysafe  0000000180058262 f   sf_runtime:sf_runtime.dll
 0001:00057268       sf_mex_createcellmatrix    0000000180058268 f   sf_runtime:sf_runtime.dll
 0001:0005726e       sf_mex_addfield            000000018005826e f   sf_runtime:sf_runtime.dll
 0001:00057274       sf_mex_create              0000000180058274 f   sf_runtime:sf_runtime.dll
 0001:0005727a       sf_mex_error_message       000000018005827a f   sf_runtime:sf_runtime.dll
 0001:00057280       sf_mex_call_matlab         0000000180058280 f   sf_runtime:sf_runtime.dll
 0001:00057286       sf_mex_setcell             0000000180058286 f   sf_runtime:sf_runtime.dll
 0001:0005728c       sf_mex_decode_encoded_mx_struct_array 000000018005828c f   sf_runtime:sf_runtime.dll
 0001:00057292       sf_mex_getcell             0000000180058292 f   sf_runtime:sf_runtime.dll
 0001:00057298       sf_mex_dup                 0000000180058298 f   sf_runtime:sf_runtime.dll
 0001:0005729e       sf_mex_import              000000018005829e f   sf_runtime:sf_runtime.dll
 0001:000572a4       sf_set_rtw_dwork_info      00000001800582a4 f   sf_runtime:sf_runtime.dll
 0001:000572aa       sf_mark_chart_reusable_outputs 00000001800582aa f   sf_runtime:sf_runtime.dll
 0001:000572b0       sf_mark_chart_expressionable_inputs 00000001800582b0 f   sf_runtime:sf_runtime.dll
 0001:000572b6       sf_update_buildInfo        00000001800582b6 f   sf_runtime:sf_runtime.dll
 0001:000572bc       sf_rtw_info_uint_prop      00000001800582bc f   sf_runtime:sf_runtime.dll
 0001:000572c2       sf_is_chart_inlinable      00000001800582c2 f   sf_runtime:sf_runtime.dll
 0001:000572c8       sim_mode_is_external       00000001800582c8 f   sf_runtime:sf_runtime.dll
 0001:000572ce       sim_mode_is_rtw_gen        00000001800582ce f   sf_runtime:sf_runtime.dll
 0001:000572d4       sf_debug_reset_current_state_configuration 00000001800582d4 f   sf_runtime:sf_runtime.dll
 0001:000572da       sf_debug_set_instance_data_value_ptr 00000001800582da f   sf_runtime:sf_runtime.dll
 0001:000572e0       sf_debug_set_chart_data_compiled_props 00000001800582e0 f   sf_runtime:sf_runtime.dll
 0001:000572e6       cv_eml_init_if             00000001800582e6 f   sf_runtime:sf_runtime.dll
 0001:000572ec       cv_eml_init_fcn            00000001800582ec f   sf_runtime:sf_runtime.dll
 0001:000572f2       cv_eml_init_script         00000001800582f2 f   sf_runtime:sf_runtime.dll
 0001:000572f8       sf_debug_cv_init_trans     00000001800582f8 f   sf_runtime:sf_runtime.dll
 0001:000572fe       sf_debug_cv_init_state     00000001800582fe f   sf_runtime:sf_runtime.dll
 0001:00057304       sf_debug_cv_init_chart     0000000180058304 f   sf_runtime:sf_runtime.dll
 0001:0005730a       sf_debug_set_chart_decomposition 000000018005830a f   sf_runtime:sf_runtime.dll
 0001:00057310       sf_debug_set_chart_substate_count 0000000180058310 f   sf_runtime:sf_runtime.dll
 0001:00057316       sf_debug_set_chart_state_info 0000000180058316 f   sf_runtime:sf_runtime.dll
 0001:0005731c       sf_debug_set_chart_data_props 000000018005831c f   sf_runtime:sf_runtime.dll
 0001:00057322       sf_debug_set_chart_event_thresholds 0000000180058322 f   sf_runtime:sf_runtime.dll
 0001:00057328       sf_debug_set_chart_disable_implicit_casting 0000000180058328 f   sf_runtime:sf_runtime.dll
 0001:0005732e       sf_debug_initialize_chart  000000018005832e f   sf_runtime:sf_runtime.dll
 0001:00057334       sf_get_time                0000000180058334 f   sf_runtime:sf_runtime.dll
 0001:0005733a       sf_debug_data_range_wrapper 000000018005833a f   sf_runtime:sf_runtime.dll
 0001:00057340       sf_debug_check_for_state_inconsistency 0000000180058340 f   sf_runtime:sf_runtime.dll
 0001:00057346       sf_debug_symbol_scope_pop  0000000180058346 f   sf_runtime:sf_runtime.dll
 0001:0005734c       sf_debug_call              000000018005834c f   sf_runtime:sf_runtime.dll
 0001:00057352       sf_debug_symbol_scope_push 0000000180058352 f   sf_runtime:sf_runtime.dll
 0001:00057358       eml_debug_line_call        0000000180058358 f   sf_runtime:sf_runtime.dll
 0001:0005735e       cv_eml_eval                000000018005835e f   sf_runtime:sf_runtime.dll
 0001:00057364       sf_debug_symbol_scope_add_eml 0000000180058364 f   sf_runtime:sf_runtime.dll
 0001:0005736a       sf_debug_symbol_scope_add_eml_importable 000000018005836a f   sf_runtime:sf_runtime.dll
 0001:00057370       sf_debug_symbol_scope_push_eml 0000000180058370 f   sf_runtime:sf_runtime.dll
 0001:00057376       sf_clear_rtw_identifier    0000000180058376 f   sf_runtime:sf_runtime.dll
 0001:0005737c       sf_mex_call_debug          000000018005837c f   sf_runtime:sf_runtime.dll
 0001:00057382       sf_debug_terminate         0000000180058382 f   sf_runtime:sf_runtime.dll
 0001:00057388       sf_debug_create_debug_instance_struct 0000000180058388 f   sf_runtime:sf_runtime.dll
 0001:0005738e       sf_debug_api               000000018005838e f   sf_runtime:sf_runtime.dll
 0001:00057394       callMdlMethodAndReportError 0000000180058394 f   sf_runtime:sf_runtime.dll
 0001:0005739a       call_sf_machine_global_method_dispatcher 000000018005839a f   sf_runtime:sf_runtime.dll
 0001:000573a0       sf_clear_error_manager_info 00000001800583a0 f   sf_runtime:sf_runtime.dll
 0001:000573a6       sf_mex_error_direct_call   00000001800583a6 f   sf_runtime:sf_runtime.dll
 0001:000573ac       mxGetScalar                00000001800583ac f   libmx:libmx.dll
 0001:000573b2       mxGetPr                    00000001800583b2 f   libmx:libmx.dll
 0001:000573b8       mxCreateDoubleMatrix_730   00000001800583b8 f   libmx:libmx.dll
 0001:000573be       mxGetString_730            00000001800583be f   libmx:libmx.dll
 0001:000573c4       mxIsChar                   00000001800583c4 f   libmx:libmx.dll
 0001:000573ca       mxDestroyArray             00000001800583ca f   libmx:libmx.dll
 0001:000573d0       mxDuplicateArray           00000001800583d0 f   libmx:libmx.dll
 0001:000573d6       mxCreateDoubleScalar       00000001800583d6 f   libmx:libmx.dll
 0001:000573dc       mxSetField_730             00000001800583dc f   libmx:libmx.dll
 0001:000573e2       mxCreateString             00000001800583e2 f   libmx:libmx.dll
 0001:000573e8       mxCreateStructMatrix_730   00000001800583e8 f   libmx:libmx.dll
 0001:000573ee       mxCreateCellMatrix_730     00000001800583ee f   libmx:libmx.dll
 0001:000573f4       mxIsEmpty                  00000001800583f4 f   libmx:libmx.dll
 0001:000573fa       mxGetClassID               00000001800583fa f   libmx:libmx.dll
 0001:00057400       mxIsNumeric                0000000180058400 f   libmx:libmx.dll
 0001:00057406       mxIsComplex                0000000180058406 f   libmx:libmx.dll
 0001:0005740c       mxGetN                     000000018005840c f   libmx:libmx.dll
 0001:00057412       mxGetM                     0000000180058412 f   libmx:libmx.dll
 0001:00057418       mxCalloc                   0000000180058418 f   libmx:libmx.dll
 0001:0005741e       mexMakeArrayPersistent     000000018005841e f   libmex:libmex.dll
 0001:00057424       mexUnlock                  0000000180058424 f   libmex:libmex.dll
 0001:0005742a       mexIsLocked                000000018005842a f   libmex:libmex.dll
 0001:00057430       mexWarnMsgTxt              0000000180058430 f   libmex:libmex.dll
 0001:00057436       mexCallMATLAB              0000000180058436 f   libmex:libmex.dll
 0001:0005743c       mexErrMsgTxt               000000018005843c f   libmex:libmex.dll
 0001:00057442       mexLock                    0000000180058442 f   libmex:libmex.dll
 0001:00057448       utMalloc                   0000000180058448 f   libut:libut.dll
 0001:0005744e       utFree                     000000018005844e f   libut:libut.dll
 0001:00057454       muDoubleScalarExp          0000000180058454 f   libmwmathutil:libmwmathutil.dll
 0001:0005745a       muDoubleScalarSin          000000018005845a f   libmwmathutil:libmwmathutil.dll
 0001:00057460       muDoubleScalarAsin         0000000180058460 f   libmwmathutil:libmwmathutil.dll
 0001:00057466       muDoubleScalarAbs          0000000180058466 f   libmwmathutil:libmwmathutil.dll
 0001:0005746c       muDoubleScalarCos          000000018005846c f   libmwmathutil:libmwmathutil.dll
 0001:00057472       muDoubleScalarMin          0000000180058472 f   libmwmathutil:libmwmathutil.dll
 0001:00057478       __GSHandlerCheckCommon     0000000180058478 f   MSVCRT:gshandler.obj
 0001:000574dc       __GSHandlerCheck           00000001800584dc f   MSVCRT:gshandler.obj
 0001:000574fa       strcmp                     00000001800584fa f   MSVCRT:MSVCR100.dll
 0001:00057510       __security_check_cookie    0000000180058510 f   MSVCRT:amdsecgs.obj
 0001:00057530       strlen                     0000000180058530 f   MSVCRT:MSVCR100.dll
 0001:00057536       memset                     0000000180058536 f   MSVCRT:MSVCR100.dll
 0001:0005753c       free                       000000018005853c f   MSVCRT:MSVCR100.dll
 0001:00057542       sprintf                    0000000180058542 f   MSVCRT:MSVCR100.dll
 0001:00057548       malloc                     0000000180058548 f   MSVCRT:MSVCR100.dll
 0001:0005754e       strcat                     000000018005854e f   MSVCRT:MSVCR100.dll
 0001:00057554       memcpy                     0000000180058554 f   MSVCRT:MSVCR100.dll
 0001:0005755c       NtCurrentTeb               000000018005855c f i MSVCRT:crtdll.obj
 0001:000575c8       _CRT_INIT                  00000001800585c8 f   MSVCRT:crtdll.obj
 0001:00057960       _DllMainCRTStartup         0000000180058960 f   MSVCRT:crtdll.obj
 0001:000579a0       __report_gsfailure         00000001800589a0 f   MSVCRT:gs_report.obj
 0001:00057aec       __clean_type_info_names    0000000180058aec f   MSVCRT:tncleanup.obj
 0001:00057af8       _onexit                    0000000180058af8 f   MSVCRT:atonexit.obj
 0001:00057ba8       atexit                     0000000180058ba8 f   MSVCRT:atonexit.obj
 0001:00057bc0       _RTC_Initialize            0000000180058bc0 f   MSVCRT:_initsect_.obj
 0001:00057bf8       _RTC_Terminate             0000000180058bf8 f   MSVCRT:_initsect_.obj
 0001:00057c30       _malloc_crt                0000000180058c30 f   MSVCRT:MSVCR100.dll
 0001:00057c40       _ValidateImageBase         0000000180058c40 f   MSVCRT:pesect.obj
 0001:00057c70       _FindPESection             0000000180058c70 f   MSVCRT:pesect.obj
 0001:00057cc0       _IsNonwritableInCurrentImage 0000000180058cc0 f   MSVCRT:pesect.obj
 0001:00057d02       _initterm                  0000000180058d02 f   MSVCRT:MSVCR100.dll
 0001:00057d08       _initterm_e                0000000180058d08 f   MSVCRT:MSVCR100.dll
 0001:00057d0e       _encoded_null              0000000180058d0e f   MSVCRT:MSVCR100.dll
 0001:00057d14       _amsg_exit                 0000000180058d14 f   MSVCRT:MSVCR100.dll
 0001:00057d1a       __C_specific_handler       0000000180058d1a f   MSVCRT:MSVCR100.dll
 0001:00057d20       __CppXcptFilter            0000000180058d20 f   MSVCRT:MSVCR100.dll
 0001:00057d28       DllMain                    0000000180058d28 f   MSVCRT:dllmain.obj
 0001:00057d4c       __security_init_cookie     0000000180058d4c f   MSVCRT:gs_support.obj
 0001:00057e00       __crt_debugger_hook        0000000180058e00 f   MSVCRT:MSVCR100.dll
 0001:00057e06       __clean_type_info_names_internal 0000000180058e06 f   MSVCRT:MSVCR100.dll
 0001:00057e0c       _unlock                    0000000180058e0c f   MSVCRT:MSVCR100.dll
 0001:00057e12       __dllonexit                0000000180058e12 f   MSVCRT:MSVCR100.dll
 0001:00057e18       _lock                      0000000180058e18 f   MSVCRT:MSVCR100.dll
 0001:00057e1e       EncodePointer              0000000180058e1e f   kernel32:KERNEL32.dll
 0001:00057e24       DecodePointer              0000000180058e24 f   kernel32:KERNEL32.dll
 0001:00057e2a       Sleep                      0000000180058e2a f   kernel32:KERNEL32.dll
 0001:00057e30       TerminateProcess           0000000180058e30 f   kernel32:KERNEL32.dll
 0001:00057e36       GetCurrentProcess          0000000180058e36 f   kernel32:KERNEL32.dll
 0001:00057e3c       UnhandledExceptionFilter   0000000180058e3c f   kernel32:KERNEL32.dll
 0001:00057e42       SetUnhandledExceptionFilter 0000000180058e42 f   kernel32:KERNEL32.dll
 0001:00057e48       IsDebuggerPresent          0000000180058e48 f   kernel32:KERNEL32.dll
 0001:00057e4e       RtlVirtualUnwind           0000000180058e4e f   kernel32:KERNEL32.dll
 0001:00057e54       RtlLookupFunctionEntry     0000000180058e54 f   kernel32:KERNEL32.dll
 0001:00057e5a       RtlCaptureContext          0000000180058e5a f   kernel32:KERNEL32.dll
 0001:00057e60       DisableThreadLibraryCalls  0000000180058e60 f   kernel32:KERNEL32.dll
 0001:00057e66       QueryPerformanceCounter    0000000180058e66 f   kernel32:KERNEL32.dll
 0001:00057e6c       GetTickCount               0000000180058e6c f   kernel32:KERNEL32.dll
 0001:00057e72       GetCurrentThreadId         0000000180058e72 f   kernel32:KERNEL32.dll
 0001:00057e78       GetCurrentProcessId        0000000180058e78 f   kernel32:KERNEL32.dll
 0001:00057e7e       GetSystemTimeAsFileTime    0000000180058e7e f   kernel32:KERNEL32.dll
 0002:00000000       __imp_GetSystemTimeAsFileTime 0000000180059000     kernel32:KERNEL32.dll
 0002:00000008       __imp_GetCurrentProcessId  0000000180059008     kernel32:KERNEL32.dll
 0002:00000010       __imp_GetCurrentThreadId   0000000180059010     kernel32:KERNEL32.dll
 0002:00000018       __imp_GetTickCount         0000000180059018     kernel32:KERNEL32.dll
 0002:00000020       __imp_QueryPerformanceCounter 0000000180059020     kernel32:KERNEL32.dll
 0002:00000028       __imp_DisableThreadLibraryCalls 0000000180059028     kernel32:KERNEL32.dll
 0002:00000030       __imp_RtlCaptureContext    0000000180059030     kernel32:KERNEL32.dll
 0002:00000038       __imp_RtlLookupFunctionEntry 0000000180059038     kernel32:KERNEL32.dll
 0002:00000040       __imp_RtlVirtualUnwind     0000000180059040     kernel32:KERNEL32.dll
 0002:00000048       __imp_IsDebuggerPresent    0000000180059048     kernel32:KERNEL32.dll
 0002:00000050       __imp_SetUnhandledExceptionFilter 0000000180059050     kernel32:KERNEL32.dll
 0002:00000058       __imp_UnhandledExceptionFilter 0000000180059058     kernel32:KERNEL32.dll
 0002:00000060       __imp_GetCurrentProcess    0000000180059060     kernel32:KERNEL32.dll
 0002:00000068       __imp_TerminateProcess     0000000180059068     kernel32:KERNEL32.dll
 0002:00000070       __imp_Sleep                0000000180059070     kernel32:KERNEL32.dll
 0002:00000078       __imp_DecodePointer        0000000180059078     kernel32:KERNEL32.dll
 0002:00000080       __imp_EncodePointer        0000000180059080     kernel32:KERNEL32.dll
 0002:00000088       \177KERNEL32_NULL_THUNK_DATA 0000000180059088     kernel32:KERNEL32.dll
 0002:00000090       __imp__onexit              0000000180059090     MSVCRT:MSVCR100.dll
 0002:00000098       __imp__lock                0000000180059098     MSVCRT:MSVCR100.dll
 0002:000000a0       __imp___dllonexit          00000001800590a0     MSVCRT:MSVCR100.dll
 0002:000000a8       __imp__unlock              00000001800590a8     MSVCRT:MSVCR100.dll
 0002:000000b0       __imp___clean_type_info_names_internal 00000001800590b0     MSVCRT:MSVCR100.dll
 0002:000000b8       __imp___crt_debugger_hook  00000001800590b8     MSVCRT:MSVCR100.dll
 0002:000000c0       __imp___CppXcptFilter      00000001800590c0     MSVCRT:MSVCR100.dll
 0002:000000c8       __imp___C_specific_handler 00000001800590c8     MSVCRT:MSVCR100.dll
 0002:000000d0       __imp__amsg_exit           00000001800590d0     MSVCRT:MSVCR100.dll
 0002:000000d8       __imp__encoded_null        00000001800590d8     MSVCRT:MSVCR100.dll
 0002:000000e0       __imp__initterm_e          00000001800590e0     MSVCRT:MSVCR100.dll
 0002:000000e8       __imp__initterm            00000001800590e8     MSVCRT:MSVCR100.dll
 0002:000000f0       __imp__malloc_crt          00000001800590f0     MSVCRT:MSVCR100.dll
 0002:000000f8       __imp_memcpy               00000001800590f8     MSVCRT:MSVCR100.dll
 0002:00000100       __imp_strcat               0000000180059100     MSVCRT:MSVCR100.dll
 0002:00000108       __imp_malloc               0000000180059108     MSVCRT:MSVCR100.dll
 0002:00000110       __imp_sprintf              0000000180059110     MSVCRT:MSVCR100.dll
 0002:00000118       __imp_free                 0000000180059118     MSVCRT:MSVCR100.dll
 0002:00000120       __imp_memset               0000000180059120     MSVCRT:MSVCR100.dll
 0002:00000128       __imp_strlen               0000000180059128     MSVCRT:MSVCR100.dll
 0002:00000130       __imp_strcmp               0000000180059130     MSVCRT:MSVCR100.dll
 0002:00000138       \177MSVCR100_NULL_THUNK_DATA 0000000180059138     MSVCRT:MSVCR100.dll
 0002:00000140       __imp_mexUnlock            0000000180059140     libmex:libmex.dll
 0002:00000148       __imp_mexIsLocked          0000000180059148     libmex:libmex.dll
 0002:00000150       __imp_mexWarnMsgTxt        0000000180059150     libmex:libmex.dll
 0002:00000158       __imp_mexCallMATLAB        0000000180059158     libmex:libmex.dll
 0002:00000160       __imp_mexErrMsgTxt         0000000180059160     libmex:libmex.dll
 0002:00000168       __imp_mexLock              0000000180059168     libmex:libmex.dll
 0002:00000170       __imp_mexMakeArrayPersistent 0000000180059170     libmex:libmex.dll
 0002:00000178       \177libmex_NULL_THUNK_DATA 0000000180059178     libmex:libmex.dll
 0002:00000180       __imp_muDoubleScalarSin    0000000180059180     libmwmathutil:libmwmathutil.dll
 0002:00000188       __imp_muDoubleScalarAsin   0000000180059188     libmwmathutil:libmwmathutil.dll
 0002:00000190       __imp_muDoubleScalarAbs    0000000180059190     libmwmathutil:libmwmathutil.dll
 0002:00000198       __imp_muDoubleScalarCos    0000000180059198     libmwmathutil:libmwmathutil.dll
 0002:000001a0       __imp_muDoubleScalarMin    00000001800591a0     libmwmathutil:libmwmathutil.dll
 0002:000001a8       __imp_muDoubleScalarExp    00000001800591a8     libmwmathutil:libmwmathutil.dll
 0002:000001b0       \177libmwmathutil_NULL_THUNK_DATA 00000001800591b0     libmwmathutil:libmwmathutil.dll
 0002:000001b8       __imp_mxCalloc             00000001800591b8     libmx:libmx.dll
 0002:000001c0       __imp_mxGetM               00000001800591c0     libmx:libmx.dll
 0002:000001c8       __imp_mxGetN               00000001800591c8     libmx:libmx.dll
 0002:000001d0       __imp_mxIsComplex          00000001800591d0     libmx:libmx.dll
 0002:000001d8       __imp_mxIsNumeric          00000001800591d8     libmx:libmx.dll
 0002:000001e0       __imp_mxGetClassID         00000001800591e0     libmx:libmx.dll
 0002:000001e8       __imp_mxIsEmpty            00000001800591e8     libmx:libmx.dll
 0002:000001f0       __imp_mxCreateCellMatrix_730 00000001800591f0     libmx:libmx.dll
 0002:000001f8       __imp_mxGetScalar          00000001800591f8     libmx:libmx.dll
 0002:00000200       __imp_mxGetPr              0000000180059200     libmx:libmx.dll
 0002:00000208       __imp_mxCreateDoubleMatrix_730 0000000180059208     libmx:libmx.dll
 0002:00000210       __imp_mxGetString_730      0000000180059210     libmx:libmx.dll
 0002:00000218       __imp_mxIsChar             0000000180059218     libmx:libmx.dll
 0002:00000220       __imp_mxDestroyArray       0000000180059220     libmx:libmx.dll
 0002:00000228       __imp_mxDuplicateArray     0000000180059228     libmx:libmx.dll
 0002:00000230       __imp_mxCreateDoubleScalar 0000000180059230     libmx:libmx.dll
 0002:00000238       __imp_mxSetField_730       0000000180059238     libmx:libmx.dll
 0002:00000240       __imp_mxCreateString       0000000180059240     libmx:libmx.dll
 0002:00000248       __imp_mxCreateStructMatrix_730 0000000180059248     libmx:libmx.dll
 0002:00000250       \177libmx_NULL_THUNK_DATA  0000000180059250     libmx:libmx.dll
 0002:00000258       __imp_utMalloc             0000000180059258     libut:libut.dll
 0002:00000260       __imp_utFree               0000000180059260     libut:libut.dll
 0002:00000268       \177libut_NULL_THUNK_DATA  0000000180059268     libut:libut.dll
 0002:00000270       __imp_call_sf_machine_global_method_dispatcher 0000000180059270     sf_runtime:sf_runtime.dll
 0002:00000278       __imp_callMdlMethodAndReportError 0000000180059278     sf_runtime:sf_runtime.dll
 0002:00000280       __imp_sf_debug_api         0000000180059280     sf_runtime:sf_runtime.dll
 0002:00000288       __imp_sf_debug_create_debug_instance_struct 0000000180059288     sf_runtime:sf_runtime.dll
 0002:00000290       __imp_sf_debug_terminate   0000000180059290     sf_runtime:sf_runtime.dll
 0002:00000298       __imp_sf_mex_call_debug    0000000180059298     sf_runtime:sf_runtime.dll
 0002:000002a0       __imp_sf_clear_error_manager_info 00000001800592a0     sf_runtime:sf_runtime.dll
 0002:000002a8       __imp_sf_debug_symbol_scope_push_eml 00000001800592a8     sf_runtime:sf_runtime.dll
 0002:000002b0       __imp_sf_debug_symbol_scope_add_eml_importable 00000001800592b0     sf_runtime:sf_runtime.dll
 0002:000002b8       __imp_sf_debug_symbol_scope_add_eml 00000001800592b8     sf_runtime:sf_runtime.dll
 0002:000002c0       __imp_cv_eml_eval          00000001800592c0     sf_runtime:sf_runtime.dll
 0002:000002c8       __imp_eml_debug_line_call  00000001800592c8     sf_runtime:sf_runtime.dll
 0002:000002d0       __imp_sf_debug_symbol_scope_push 00000001800592d0     sf_runtime:sf_runtime.dll
 0002:000002d8       __imp_sf_debug_call        00000001800592d8     sf_runtime:sf_runtime.dll
 0002:000002e0       __imp_sf_mex_error_direct_call 00000001800592e0     sf_runtime:sf_runtime.dll
 0002:000002e8       __imp_sf_clear_rtw_identifier 00000001800592e8     sf_runtime:sf_runtime.dll
 0002:000002f0       __imp_sf_debug_symbol_scope_pop 00000001800592f0     sf_runtime:sf_runtime.dll
 0002:000002f8       __imp_sf_debug_check_for_state_inconsistency 00000001800592f8     sf_runtime:sf_runtime.dll
 0002:00000300       __imp_sf_debug_data_range_wrapper 0000000180059300     sf_runtime:sf_runtime.dll
 0002:00000308       __imp_sf_get_time          0000000180059308     sf_runtime:sf_runtime.dll
 0002:00000310       __imp_sf_debug_initialize_chart 0000000180059310     sf_runtime:sf_runtime.dll
 0002:00000318       __imp_sf_debug_set_chart_disable_implicit_casting 0000000180059318     sf_runtime:sf_runtime.dll
 0002:00000320       __imp_sf_debug_set_chart_event_thresholds 0000000180059320     sf_runtime:sf_runtime.dll
 0002:00000328       __imp_sf_debug_set_chart_data_props 0000000180059328     sf_runtime:sf_runtime.dll
 0002:00000330       __imp_sf_debug_set_chart_state_info 0000000180059330     sf_runtime:sf_runtime.dll
 0002:00000338       __imp_sf_debug_set_chart_substate_count 0000000180059338     sf_runtime:sf_runtime.dll
 0002:00000340       __imp_sf_debug_set_chart_decomposition 0000000180059340     sf_runtime:sf_runtime.dll
 0002:00000348       __imp_sf_debug_cv_init_chart 0000000180059348     sf_runtime:sf_runtime.dll
 0002:00000350       __imp_sf_debug_cv_init_state 0000000180059350     sf_runtime:sf_runtime.dll
 0002:00000358       __imp_sf_debug_cv_init_trans 0000000180059358     sf_runtime:sf_runtime.dll
 0002:00000360       __imp_cv_eml_init_script   0000000180059360     sf_runtime:sf_runtime.dll
 0002:00000368       __imp_cv_eml_init_fcn      0000000180059368     sf_runtime:sf_runtime.dll
 0002:00000370       __imp_cv_eml_init_if       0000000180059370     sf_runtime:sf_runtime.dll
 0002:00000378       __imp_sf_debug_set_chart_data_compiled_props 0000000180059378     sf_runtime:sf_runtime.dll
 0002:00000380       __imp_sf_debug_set_instance_data_value_ptr 0000000180059380     sf_runtime:sf_runtime.dll
 0002:00000388       __imp_sf_debug_reset_current_state_configuration 0000000180059388     sf_runtime:sf_runtime.dll
 0002:00000390       __imp_sim_mode_is_rtw_gen  0000000180059390     sf_runtime:sf_runtime.dll
 0002:00000398       __imp_sim_mode_is_external 0000000180059398     sf_runtime:sf_runtime.dll
 0002:000003a0       __imp_sf_is_chart_inlinable 00000001800593a0     sf_runtime:sf_runtime.dll
 0002:000003a8       __imp_sf_rtw_info_uint_prop 00000001800593a8     sf_runtime:sf_runtime.dll
 0002:000003b0       __imp_sf_update_buildInfo  00000001800593b0     sf_runtime:sf_runtime.dll
 0002:000003b8       __imp_sf_mark_chart_expressionable_inputs 00000001800593b8     sf_runtime:sf_runtime.dll
 0002:000003c0       __imp_sf_mark_chart_reusable_outputs 00000001800593c0     sf_runtime:sf_runtime.dll
 0002:000003c8       __imp_sf_set_rtw_dwork_info 00000001800593c8     sf_runtime:sf_runtime.dll
 0002:000003d0       __imp_sf_mex_import        00000001800593d0     sf_runtime:sf_runtime.dll
 0002:000003d8       __imp_sf_mex_dup           00000001800593d8     sf_runtime:sf_runtime.dll
 0002:000003e0       __imp_sf_mex_getcell       00000001800593e0     sf_runtime:sf_runtime.dll
 0002:000003e8       __imp_sf_mex_decode_encoded_mx_struct_array 00000001800593e8     sf_runtime:sf_runtime.dll
 0002:000003f0       __imp_sf_mex_setcell       00000001800593f0     sf_runtime:sf_runtime.dll
 0002:000003f8       __imp_sf_mex_call_matlab   00000001800593f8     sf_runtime:sf_runtime.dll
 0002:00000400       __imp_sf_mex_error_message 0000000180059400     sf_runtime:sf_runtime.dll
 0002:00000408       __imp_sf_mex_create        0000000180059408     sf_runtime:sf_runtime.dll
 0002:00000410       __imp_sf_mex_addfield      0000000180059410     sf_runtime:sf_runtime.dll
 0002:00000418       __imp_sf_mex_createcellmatrix 0000000180059418     sf_runtime:sf_runtime.dll
 0002:00000420       __imp_sf_mex_duplicatearraysafe 0000000180059420     sf_runtime:sf_runtime.dll
 0002:00000428       __imp_sf_mex_destroy       0000000180059428     sf_runtime:sf_runtime.dll
 0002:00000430       __imp_sf_mex_createstruct  0000000180059430     sf_runtime:sf_runtime.dll
 0002:00000438       __imp_sf_mex_assign        0000000180059438     sf_runtime:sf_runtime.dll
 0002:00000440       __imp_sf_mex_emlrtNameCapturePostProcessR2012a 0000000180059440     sf_runtime:sf_runtime.dll
 0002:00000448       __imp_sf_load_rtw_optimization_info 0000000180059448     sf_runtime:sf_runtime.dll
 0002:00000450       __imp_sf_debug_initialize_machine 0000000180059450     sf_runtime:sf_runtime.dll
 0002:00000458       __imp_sf_debug_set_machine_event_thresholds 0000000180059458     sf_runtime:sf_runtime.dll
 0002:00000460       __imp_sf_debug_set_machine_data_thresholds 0000000180059460     sf_runtime:sf_runtime.dll
 0002:00000468       \177sf_runtime_NULL_THUNK_DATA 0000000180059468     sf_runtime:sf_runtime.dll
 0002:00000470       __xc_a                     0000000180059470     MSVCRT:cinitexe.obj
 0002:00000478       __xc_z                     0000000180059478     MSVCRT:cinitexe.obj
 0002:00000480       __xi_a                     0000000180059480     MSVCRT:cinitexe.obj
 0002:00000490       __xi_z                     0000000180059490     MSVCRT:cinitexe.obj
 0002:000004a0       __real@41bd9a3730000000    00000001800594a0     fleet_model_sfun.obj
 0002:000004a8       __real@41e91de027e00000    00000001800594a8     fleet_model_sfun.obj
 0002:000004b0       __real@41edad6de7200000    00000001800594b0     fleet_model_sfun.obj
 0002:000004b8       __real@41e37d3a83800000    00000001800594b8     fleet_model_sfun.obj
 0002:000004c0       __real@41c900e78a000000    00000001800594c0     fleet_model_sfun.obj
 0002:000004c8       __real@41eda5398c800000    00000001800594c8     fleet_model_sfun.obj
 0002:000004d0       __real@41edcf5b43c00000    00000001800594d0     fleet_model_sfun.obj
 0002:000004d8       __real@41e695dff8600000    00000001800594d8     fleet_model_sfun.obj
 0002:000004e0       __real@41dcd8179e400000    00000001800594e0     fleet_model_sfun.obj
 0002:000004e8       __real@41e806ace7800000    00000001800594e8     fleet_model_sfun.obj
 0002:000004f0       __real@41dcb3494a800000    00000001800594f0     fleet_model_sfun.obj
 0002:000004f8       __real@41d805dc74400000    00000001800594f8     fleet_model_sfun.obj
 0002:00000500       __real@41e02a5eaa800000    0000000180059500     fleet_model_sfun.obj
 0002:00000508       __real@41a2121d92000000    0000000180059508     fleet_model_sfun.obj
 0002:00000510       __real@41c7646a5b000000    0000000180059510     fleet_model_sfun.obj
 0002:00000518       __real@41c56d623a800000    0000000180059518     fleet_model_sfun.obj
 0002:00000520       __real@41ae3d425a000000    0000000180059520     c1_fleet_model.obj
 0002:00000528       __real@41ebd2fc6b800000    0000000180059528     c1_fleet_model.obj
 0002:00000530       __real@41c8538d74800000    0000000180059530     c1_fleet_model.obj
 0002:00000538       __real@41bca810f2000000    0000000180059538     c1_fleet_model.obj
 0002:00000540       __real@4024000000000000    0000000180059540     c1_fleet_model.obj
 0002:00000548       __real@3ff0000000000000    0000000180059548     c1_fleet_model.obj
 0002:00000550       __real@4014000000000000    0000000180059550     c1_fleet_model.obj
 0002:00000558       __real@4010662c4ff19add    0000000180059558     c1_fleet_model.obj
 0002:00000560       __real@3fe400d1b71758e2    0000000180059560     c1_fleet_model.obj
 0002:00000568       __real@3ff4e147ae147ae1    0000000180059568     c1_fleet_model.obj
 0002:00000570       __real@3fb69595feda6613    0000000180059570     c1_fleet_model.obj
 0002:00000578       __real@bf6c49774256bca5    0000000180059578     c1_fleet_model.obj
 0002:00000580       __real@400e810624dd2f1b    0000000180059580     c1_fleet_model.obj
 0002:00000588       __real@4021e9d20bff2f3f    0000000180059588     c1_fleet_model.obj
 0002:00000590       __real@bfec6dc5d6388659    0000000180059590     c1_fleet_model.obj
 0002:00000598       __real@4006ced916872b02    0000000180059598     c1_fleet_model.obj
 0002:000005a0       __real@3fde6cf41f212d77    00000001800595a0     c1_fleet_model.obj
 0002:000005a8       __real@3f8a708ede54b48d    00000001800595a8     c1_fleet_model.obj
 0002:000005b0       __real@403259999999999a    00000001800595b0     c1_fleet_model.obj
 0002:000005b8       __real@400638ed3a12b4fb    00000001800595b8     c1_fleet_model.obj
 0002:000005c0       __real@bf7bdb5d894812be    00000001800595c0     c1_fleet_model.obj
 0002:000005c8       __real@3fec4b5dcc63f141    00000001800595c8     c1_fleet_model.obj
 0002:000005d0       __real@bf8e4f765fd8adac    00000001800595d0     c1_fleet_model.obj
 0002:000005d8       __real@bf9096bb98c7e282    00000001800595d8     c1_fleet_model.obj
 0002:000005e0       __real@4017c083126e978d    00000001800595e0     c1_fleet_model.obj
 0002:000005f0       __mask@@NegDouble@         00000001800595f0     c1_fleet_model.obj
 0002:00000600       __real@402216dbbdfea346    0000000180059600     c1_fleet_model.obj
 0002:00000608       __real@4004eb851eb851ec    0000000180059608     c1_fleet_model.obj
 0002:00000610       __real@4007083126e978d5    0000000180059610     c1_fleet_model.obj
 0002:00000618       __real@3fccc63f141205bc    0000000180059618     c1_fleet_model.obj
 0002:00000620       __real@bf954f3775b81301    0000000180059620     c1_fleet_model.obj
 0002:00000628       __real@4034e8f5c28f5c29    0000000180059628     c1_fleet_model.obj
 0002:00000630       __real@402719999999999a    0000000180059630     c1_fleet_model.obj
 0002:00000638       __real@4008000000000000    0000000180059638     c1_fleet_model.obj
 0002:00000640       __real@41d5ce926d400000    0000000180059640     c2_fleet_model.obj
 0002:00000648       __real@41e2127c91e00000    0000000180059648     c2_fleet_model.obj
 0002:00000650       __real@41e16afe9a400000    0000000180059650     c2_fleet_model.obj
 0002:00000658       __real@41ef73d6c5a00000    0000000180059658     c2_fleet_model.obj
 0002:00000660       __real@bff8000000000000    0000000180059660     c2_fleet_model.obj
 0002:00000668       __real@bff0000000000000    0000000180059668     c2_fleet_model.obj
 0002:00000670       __real@3ff8000000000000    0000000180059670     c2_fleet_model.obj
 0002:00000678       __real@4000000000000000    0000000180059678     c2_fleet_model.obj
 0002:00000680       __real@4010000000000000    0000000180059680     c2_fleet_model.obj
 0002:00000688       __real@41d48fa2f8c00000    0000000180059688     c4_fleet_model.obj
 0002:00000690       __real@41ecca5e01a00000    0000000180059690     c4_fleet_model.obj
 0002:00000698       __real@41d156e154000000    0000000180059698     c4_fleet_model.obj
 0002:000006a0       __real@41e5dd6ecc200000    00000001800596a0     c4_fleet_model.obj
 0002:000006a8       __real@41de6cb141c00000    00000001800596a8     c6_fleet_model.obj
 0002:000006b0       __real@41ed1f0b8f200000    00000001800596b0     c6_fleet_model.obj
 0002:000006b8       __real@41e6eea409800000    00000001800596b8     c6_fleet_model.obj
 0002:000006c0       __real@41e9e8c7df400000    00000001800596c0     c6_fleet_model.obj
 0002:000006c8       __real@0000000000000000    00000001800596c8     c6_fleet_model.obj
 0002:000006d0       __real@4072c00000000000    00000001800596d0     c6_fleet_model.obj
 0002:000006d8       __real@41e2b76503200000    00000001800596d8     c7_fleet_model.obj
 0002:000006e0       __real@41e10a5535e00000    00000001800596e0     c7_fleet_model.obj
 0002:000006e8       __real@41d0fe60b0000000    00000001800596e8     c7_fleet_model.obj
 0002:000006f0       __real@418b966518000000    00000001800596f0     c7_fleet_model.obj
 0002:000006f8       __real@bff3333333333333    00000001800596f8     c7_fleet_model.obj
 0002:00000700       __real@3ff3333333333333    0000000180059700     c7_fleet_model.obj
 0002:00000708       __real@419d4edaf0000000    0000000180059708     c8_fleet_model.obj
 0002:00000710       __real@41d2d00ea5000000    0000000180059710     c8_fleet_model.obj
 0002:00000718       __real@41e1473e4a800000    0000000180059718     c8_fleet_model.obj
 0002:00000720       __real@41e5c0b946800000    0000000180059720     c8_fleet_model.obj
 0002:00000728       __real@400c000000000000    0000000180059728     c8_fleet_model.obj
 0002:00000730       __real@41db7f8a87000000    0000000180059730     c9_fleet_model.obj
 0002:00000738       __real@41d0026a8fc00000    0000000180059738     c9_fleet_model.obj
 0002:00000740       __real@41d3092f04800000    0000000180059740     c9_fleet_model.obj
 0002:00000748       __real@41d1210334800000    0000000180059748     c9_fleet_model.obj
 0002:00000750       __real@41d0a2304a400000    0000000180059750     c10_fleet_model.obj
 0002:00000758       __real@419315c348000000    0000000180059758     c10_fleet_model.obj
 0002:00000760       __real@41e6f2b554400000    0000000180059760     c10_fleet_model.obj
 0002:00000768       __real@41e14b6f20c00000    0000000180059768     c10_fleet_model.obj
 0002:00000770       __real@41d21ab20a800000    0000000180059770     c15_fleet_model.obj
 0002:00000778       __real@41d6904533c00000    0000000180059778     c15_fleet_model.obj
 0002:00000780       __real@41b4b182ff000000    0000000180059780     c15_fleet_model.obj
 0002:00000788       __real@41d9bbe8af400000    0000000180059788     c15_fleet_model.obj
 0002:00000790       DYNAMIC_DIMENSION_DEF      0000000180059790     fleet_model_sfun_registry.obj
 0002:000007b0       _ssBadLevel2InputAccessMsg 00000001800597b0     fleet_model_sfun_registry.obj
 0002:00000940       _ssBadLevel2DirectFeedMsg  0000000180059940     fleet_model_sfun_registry.obj
 0002:00000a80       _ssBadLevel2DirectFeedSolutionMsg 0000000180059a80     fleet_model_sfun_registry.obj
 0002:00000af0       _ssBadLevel2ZeroDirectFeedMsg 0000000180059af0     fleet_model_sfun_registry.obj
 0002:00000c30       _ssBadLevel2ZeroDirectFeedMsg2 0000000180059c30     fleet_model_sfun_registry.obj
 0002:00000d18       __real@41602cbca0000000    0000000180059d18     fleet_model_sfun_registry.obj
 0002:00000d20       _pRawDllMain               0000000180059d20     MSVCRT:crtdll.obj
 0002:00000d20       _pDefaultRawDllMain        0000000180059d20     MSVCRT:crtdll.obj
 0002:00000d38       ?ProcessDetach@NativeDll@<CrtImplementationDetails>@@0IB 0000000180059d38     MSVCRT:tncleanup.obj
 0002:00000d3c       ?ProcessAttach@NativeDll@<CrtImplementationDetails>@@0IB 0000000180059d3c     MSVCRT:tncleanup.obj
 0002:00000d40       ?ThreadAttach@NativeDll@<CrtImplementationDetails>@@0IB 0000000180059d40     MSVCRT:tncleanup.obj
 0002:00000d44       ?ThreadDetach@NativeDll@<CrtImplementationDetails>@@0IB 0000000180059d44     MSVCRT:tncleanup.obj
 0002:00000d48       ?ProcessVerifier@NativeDll@<CrtImplementationDetails>@@0IB 0000000180059d48     MSVCRT:tncleanup.obj
 0002:00000d50       __rtc_iaa                  0000000180059d50     MSVCRT:_initsect_.obj
 0002:00000d58       __rtc_izz                  0000000180059d58     MSVCRT:_initsect_.obj
 0002:00000d60       __rtc_taa                  0000000180059d60     MSVCRT:_initsect_.obj
 0002:00000d68       __rtc_tzz                  0000000180059d68     MSVCRT:_initsect_.obj
 0002:000024d0       __IMPORT_DESCRIPTOR_sf_runtime 000000018005b4d0     sf_runtime:sf_runtime.dll
 0002:000024e4       __IMPORT_DESCRIPTOR_libmx  000000018005b4e4     libmx:libmx.dll
 0002:000024f8       __IMPORT_DESCRIPTOR_libmex 000000018005b4f8     libmex:libmex.dll
 0002:0000250c       __IMPORT_DESCRIPTOR_libut  000000018005b50c     libut:libut.dll
 0002:00002520       __IMPORT_DESCRIPTOR_libmwmathutil 000000018005b520     libmwmathutil:libmwmathutil.dll
 0002:00002534       __IMPORT_DESCRIPTOR_MSVCR100 000000018005b534     MSVCRT:MSVCR100.dll
 0002:00002548       __IMPORT_DESCRIPTOR_KERNEL32 000000018005b548     kernel32:KERNEL32.dll
 0002:0000255c       __NULL_IMPORT_DESCRIPTOR   000000018005b55c     sf_runtime:sf_runtime.dll
 0003:00014818       DYNAMIC_DIMENSION          0000000180071818     fleet_model_sfun_registry.obj
 0003:00015428       __security_cookie          0000000180072428     MSVCRT:gs_cookie.obj
 0003:00015430       __security_cookie_complement 0000000180072430     MSVCRT:gs_cookie.obj
 0003:00015438       _fltused                   0000000180072438     MSVCRT:dllsupp.obj
 0003:00015440       __native_dllmain_reason    0000000180072440     MSVCRT:natstart.obj
 0003:00015444       __native_vcclrit_reason    0000000180072444     MSVCRT:natstart.obj
 0003:000155e8       sfGlobalDebugInstanceStruct 00000001800725e8     fleet_model_sfun_registry.obj
 0003:00015b70       ?__type_info_root_node@@3U__type_info_node@@A 0000000180072b70     MSVCRT:tncleanup.obj
 0003:00015b80       _fleet_modelMachineNumber_ 0000000180072b80     <common>
 0003:00015b84       __native_startup_state     0000000180072b84     <common>
 0003:00015b88       __native_startup_lock      0000000180072b88     <common>
 0003:00015b90       __onexitend                0000000180072b90     <common>
 0003:00015b98       __onexitbegin              0000000180072b98     <common>
 0003:00015ba0       __dyn_tls_init_callback    0000000180072ba0     <common>

 entry point at        0001:00057960

 Static symbols

 0001:00001a90       c1_info_helper             0000000180002a90 f   c1_fleet_model.obj
 0001:00005500       c1_emlrt_marshallOut       0000000180006500 f   c1_fleet_model.obj
 0001:00005590       c1_b_emlrt_marshallOut     0000000180006590 f   c1_fleet_model.obj
 0001:00005ea0       get_sim_state_c1_fleet_model 0000000180006ea0 f   c1_fleet_model.obj
 0001:000061d0       sf_get_sim_state_info_c1_fleet_model 00000001800071d0 f   c1_fleet_model.obj
 0001:000063a0       set_sim_state_c1_fleet_model 00000001800073a0 f   c1_fleet_model.obj
 0001:00006510       c1_update_debugger_state_c1_fleet_model 0000000180007510 f   c1_fleet_model.obj
 0001:00006520       c1_emlrt_marshallIn        0000000180007520 f   c1_fleet_model.obj
 0001:00006590       c1_b_emlrt_marshallIn      0000000180007590 f   c1_fleet_model.obj
 0001:00006620       c1_d_emlrt_marshallIn      0000000180007620 f   c1_fleet_model.obj
 0001:00006680       c1_e_emlrt_marshallIn      0000000180007680 f   c1_fleet_model.obj
 0001:00006780       mdlProcessParameters_c1_fleet_model 0000000180007780 f   c1_fleet_model.obj
 0001:00006860       initialize_params_c1_fleet_model 0000000180007860 f   c1_fleet_model.obj
 0001:00006870       mdlSetWorkWidths_c1_fleet_model 0000000180007870 f   c1_fleet_model.obj
 0001:00006d40       sf_get_instance_specialization 0000000180007d40 f   c1_fleet_model.obj
 0001:00006d50       mdlStart_c1_fleet_model    0000000180007d50 f   c1_fleet_model.obj
 0001:00006f80       init_dsm_address_info      0000000180007f80 f   c1_fleet_model.obj
 0001:00006f90       chart_debug_initialization 0000000180007f90 f   c1_fleet_model.obj
 0001:00007a80       init_script_number_translation 0000000180008a80 f   c1_fleet_model.obj
 0001:00007aa0       c1_sf_marshallOut          0000000180008aa0 f   c1_fleet_model.obj
 0001:00007b50       c1_sf_marshallIn           0000000180008b50 f   c1_fleet_model.obj
 0001:00007bf0       c1_b_sf_marshallOut        0000000180008bf0 f   c1_fleet_model.obj
 0001:00007d60       sf_opaque_initialize_c1_fleet_model 0000000180008d60 f   c1_fleet_model.obj
 0001:00007da0       initialize_c1_fleet_model  0000000180008da0 f   c1_fleet_model.obj
 0001:00007df0       sf_opaque_enable_c1_fleet_model 0000000180008df0 f   c1_fleet_model.obj
 0001:00007e10       enable_c1_fleet_model      0000000180008e10 f   c1_fleet_model.obj
 0001:00007e40       sf_opaque_disable_c1_fleet_model 0000000180008e40 f   c1_fleet_model.obj
 0001:00007e60       disable_c1_fleet_model     0000000180008e60 f   c1_fleet_model.obj
 0001:00007e90       sf_opaque_gateway_c1_fleet_model 0000000180008e90 f   c1_fleet_model.obj
 0001:00007eb0       sf_gateway_c1_fleet_model  0000000180008eb0 f   c1_fleet_model.obj
 0001:000081a0       c1_chartstep_c1_fleet_model 00000001800091a0 f   c1_fleet_model.obj
 0001:0000a280       c1_mpower                  000000018000b280 f   c1_fleet_model.obj
 0001:0000a2f0       c1_eml_scalar_eg           000000018000b2f0 f   c1_fleet_model.obj
 0001:0000a300       sf_opaque_get_sim_state_c1_fleet_model 000000018000b300 f   c1_fleet_model.obj
 0001:0000a320       sf_opaque_set_sim_state_c1_fleet_model 000000018000b320 f   c1_fleet_model.obj
 0001:0000a350       sf_opaque_terminate_c1_fleet_model 000000018000b350 f   c1_fleet_model.obj
 0001:0000a3f0       finalize_c1_fleet_model    000000018000b3f0 f   c1_fleet_model.obj
 0001:0000a400       sf_opaque_init_subchart_simstructs 000000018000b400 f   c1_fleet_model.obj
 0001:0000a420       initSimStructsc1_fleet_model 000000018000b420 f   c1_fleet_model.obj
 0001:0000a430       mdlRTW_c1_fleet_model      000000018000b430 f   c1_fleet_model.obj
 0001:0000a4e0       c2_info_helper             000000018000b4e0 f   c2_fleet_model.obj
 0001:0000ce30       c2_emlrt_marshallOut       000000018000de30 f   c2_fleet_model.obj
 0001:0000cec0       c2_b_emlrt_marshallOut     000000018000dec0 f   c2_fleet_model.obj
 0001:0000da50       get_sim_state_c2_fleet_model 000000018000ea50 f   c2_fleet_model.obj
 0001:0000dd00       sf_get_sim_state_info_c2_fleet_model 000000018000ed00 f   c2_fleet_model.obj
 0001:0000ded0       set_sim_state_c2_fleet_model 000000018000eed0 f   c2_fleet_model.obj
 0001:0000e060       c2_update_debugger_state_c2_fleet_model 000000018000f060 f   c2_fleet_model.obj
 0001:0000e070       c2_emlrt_marshallIn        000000018000f070 f   c2_fleet_model.obj
 0001:0000e0e0       c2_b_emlrt_marshallIn      000000018000f0e0 f   c2_fleet_model.obj
 0001:0000e170       c2_c_emlrt_marshallIn      000000018000f170 f   c2_fleet_model.obj
 0001:0000e1e0       c2_d_emlrt_marshallIn      000000018000f1e0 f   c2_fleet_model.obj
 0001:0000e2d0       c2_f_emlrt_marshallIn      000000018000f2d0 f   c2_fleet_model.obj
 0001:0000e330       c2_g_emlrt_marshallIn      000000018000f330 f   c2_fleet_model.obj
 0001:0000e430       mdlProcessParameters_c2_fleet_model 000000018000f430 f   c2_fleet_model.obj
 0001:0000e510       initialize_params_c2_fleet_model 000000018000f510 f   c2_fleet_model.obj
 0001:0000e520       mdlSetWorkWidths_c2_fleet_model 000000018000f520 f   c2_fleet_model.obj
 0001:0000ea80       sf_get_instance_specialization 000000018000fa80 f   c2_fleet_model.obj
 0001:0000ea90       mdlStart_c2_fleet_model    000000018000fa90 f   c2_fleet_model.obj
 0001:0000ecc0       init_dsm_address_info      000000018000fcc0 f   c2_fleet_model.obj
 0001:0000ecd0       chart_debug_initialization 000000018000fcd0 f   c2_fleet_model.obj
 0001:0000fa80       init_script_number_translation 0000000180010a80 f   c2_fleet_model.obj
 0001:0000faa0       c2_sf_marshallOut          0000000180010aa0 f   c2_fleet_model.obj
 0001:0000fb50       c2_sf_marshallIn           0000000180010b50 f   c2_fleet_model.obj
 0001:0000fbf0       c2_b_sf_marshallOut        0000000180010bf0 f   c2_fleet_model.obj
 0001:0000fd40       c2_b_sf_marshallIn         0000000180010d40 f   c2_fleet_model.obj
 0001:0000fe40       sf_opaque_initialize_c2_fleet_model 0000000180010e40 f   c2_fleet_model.obj
 0001:0000fe80       initialize_c2_fleet_model  0000000180010e80 f   c2_fleet_model.obj
 0001:0000fed0       sf_opaque_enable_c2_fleet_model 0000000180010ed0 f   c2_fleet_model.obj
 0001:0000fef0       enable_c2_fleet_model      0000000180010ef0 f   c2_fleet_model.obj
 0001:0000ff20       sf_opaque_disable_c2_fleet_model 0000000180010f20 f   c2_fleet_model.obj
 0001:0000ff40       disable_c2_fleet_model     0000000180010f40 f   c2_fleet_model.obj
 0001:0000ff70       sf_opaque_gateway_c2_fleet_model 0000000180010f70 f   c2_fleet_model.obj
 0001:0000ff90       sf_gateway_c2_fleet_model  0000000180010f90 f   c2_fleet_model.obj
 0001:000116d0       c2_eml_error               00000001800126d0 f   c2_fleet_model.obj
 0001:000118c0       sf_opaque_get_sim_state_c2_fleet_model 00000001800128c0 f   c2_fleet_model.obj
 0001:000118e0       sf_opaque_set_sim_state_c2_fleet_model 00000001800128e0 f   c2_fleet_model.obj
 0001:00011910       sf_opaque_terminate_c2_fleet_model 0000000180012910 f   c2_fleet_model.obj
 0001:000119b0       finalize_c2_fleet_model    00000001800129b0 f   c2_fleet_model.obj
 0001:000119c0       sf_opaque_init_subchart_simstructs 00000001800129c0 f   c2_fleet_model.obj
 0001:000119e0       initSimStructsc2_fleet_model 00000001800129e0 f   c2_fleet_model.obj
 0001:000119f0       mdlRTW_c2_fleet_model      00000001800129f0 f   c2_fleet_model.obj
 0001:00011aa0       c3_info_helper             0000000180012aa0 f   c3_fleet_model.obj
 0001:00015510       c3_emlrt_marshallOut       0000000180016510 f   c3_fleet_model.obj
 0001:000155a0       c3_b_emlrt_marshallOut     00000001800165a0 f   c3_fleet_model.obj
 0001:00015eb0       get_sim_state_c3_fleet_model 0000000180016eb0 f   c3_fleet_model.obj
 0001:000161f0       sf_get_sim_state_info_c3_fleet_model 00000001800171f0 f   c3_fleet_model.obj
 0001:000163c0       set_sim_state_c3_fleet_model 00000001800173c0 f   c3_fleet_model.obj
 0001:00016530       c3_update_debugger_state_c3_fleet_model 0000000180017530 f   c3_fleet_model.obj
 0001:00016540       c3_emlrt_marshallIn        0000000180017540 f   c3_fleet_model.obj
 0001:000165b0       c3_b_emlrt_marshallIn      00000001800175b0 f   c3_fleet_model.obj
 0001:00016640       c3_d_emlrt_marshallIn      0000000180017640 f   c3_fleet_model.obj
 0001:000166a0       c3_e_emlrt_marshallIn      00000001800176a0 f   c3_fleet_model.obj
 0001:000167a0       mdlProcessParameters_c3_fleet_model 00000001800177a0 f   c3_fleet_model.obj
 0001:00016880       initialize_params_c3_fleet_model 0000000180017880 f   c3_fleet_model.obj
 0001:00016890       mdlSetWorkWidths_c3_fleet_model 0000000180017890 f   c3_fleet_model.obj
 0001:00016d60       sf_get_instance_specialization 0000000180017d60 f   c3_fleet_model.obj
 0001:00016d70       mdlStart_c3_fleet_model    0000000180017d70 f   c3_fleet_model.obj
 0001:00016fa0       init_dsm_address_info      0000000180017fa0 f   c3_fleet_model.obj
 0001:00016fb0       chart_debug_initialization 0000000180017fb0 f   c3_fleet_model.obj
 0001:00017aa0       init_script_number_translation 0000000180018aa0 f   c3_fleet_model.obj
 0001:00017ac0       c3_sf_marshallOut          0000000180018ac0 f   c3_fleet_model.obj
 0001:00017b70       c3_sf_marshallIn           0000000180018b70 f   c3_fleet_model.obj
 0001:00017c10       c3_b_sf_marshallOut        0000000180018c10 f   c3_fleet_model.obj
 0001:00017d80       sf_opaque_initialize_c3_fleet_model 0000000180018d80 f   c3_fleet_model.obj
 0001:00017dc0       initialize_c3_fleet_model  0000000180018dc0 f   c3_fleet_model.obj
 0001:00017e10       sf_opaque_enable_c3_fleet_model 0000000180018e10 f   c3_fleet_model.obj
 0001:00017e30       enable_c3_fleet_model      0000000180018e30 f   c3_fleet_model.obj
 0001:00017e60       sf_opaque_disable_c3_fleet_model 0000000180018e60 f   c3_fleet_model.obj
 0001:00017e80       disable_c3_fleet_model     0000000180018e80 f   c3_fleet_model.obj
 0001:00017eb0       sf_opaque_gateway_c3_fleet_model 0000000180018eb0 f   c3_fleet_model.obj
 0001:00017ed0       sf_gateway_c3_fleet_model  0000000180018ed0 f   c3_fleet_model.obj
 0001:000181c0       c3_chartstep_c3_fleet_model 00000001800191c0 f   c3_fleet_model.obj
 0001:0001a2a0       c3_mpower                  000000018001b2a0 f   c3_fleet_model.obj
 0001:0001a310       c3_eml_scalar_eg           000000018001b310 f   c3_fleet_model.obj
 0001:0001a320       sf_opaque_get_sim_state_c3_fleet_model 000000018001b320 f   c3_fleet_model.obj
 0001:0001a340       sf_opaque_set_sim_state_c3_fleet_model 000000018001b340 f   c3_fleet_model.obj
 0001:0001a370       sf_opaque_terminate_c3_fleet_model 000000018001b370 f   c3_fleet_model.obj
 0001:0001a410       finalize_c3_fleet_model    000000018001b410 f   c3_fleet_model.obj
 0001:0001a420       sf_opaque_init_subchart_simstructs 000000018001b420 f   c3_fleet_model.obj
 0001:0001a440       initSimStructsc3_fleet_model 000000018001b440 f   c3_fleet_model.obj
 0001:0001a450       mdlRTW_c3_fleet_model      000000018001b450 f   c3_fleet_model.obj
 0001:0001a500       c4_info_helper             000000018001b500 f   c4_fleet_model.obj
 0001:0001ce50       c4_emlrt_marshallOut       000000018001de50 f   c4_fleet_model.obj
 0001:0001cee0       c4_b_emlrt_marshallOut     000000018001dee0 f   c4_fleet_model.obj
 0001:0001da70       get_sim_state_c4_fleet_model 000000018001ea70 f   c4_fleet_model.obj
 0001:0001dd40       sf_get_sim_state_info_c4_fleet_model 000000018001ed40 f   c4_fleet_model.obj
 0001:0001df10       set_sim_state_c4_fleet_model 000000018001ef10 f   c4_fleet_model.obj
 0001:0001e0a0       c4_update_debugger_state_c4_fleet_model 000000018001f0a0 f   c4_fleet_model.obj
 0001:0001e0b0       c4_emlrt_marshallIn        000000018001f0b0 f   c4_fleet_model.obj
 0001:0001e120       c4_b_emlrt_marshallIn      000000018001f120 f   c4_fleet_model.obj
 0001:0001e1b0       c4_c_emlrt_marshallIn      000000018001f1b0 f   c4_fleet_model.obj
 0001:0001e220       c4_d_emlrt_marshallIn      000000018001f220 f   c4_fleet_model.obj
 0001:0001e310       c4_f_emlrt_marshallIn      000000018001f310 f   c4_fleet_model.obj
 0001:0001e370       c4_g_emlrt_marshallIn      000000018001f370 f   c4_fleet_model.obj
 0001:0001e470       mdlProcessParameters_c4_fleet_model 000000018001f470 f   c4_fleet_model.obj
 0001:0001e550       initialize_params_c4_fleet_model 000000018001f550 f   c4_fleet_model.obj
 0001:0001e560       mdlSetWorkWidths_c4_fleet_model 000000018001f560 f   c4_fleet_model.obj
 0001:0001eac0       sf_get_instance_specialization 000000018001fac0 f   c4_fleet_model.obj
 0001:0001ead0       mdlStart_c4_fleet_model    000000018001fad0 f   c4_fleet_model.obj
 0001:0001ed00       init_dsm_address_info      000000018001fd00 f   c4_fleet_model.obj
 0001:0001ed10       chart_debug_initialization 000000018001fd10 f   c4_fleet_model.obj
 0001:0001fac0       init_script_number_translation 0000000180020ac0 f   c4_fleet_model.obj
 0001:0001fae0       c4_sf_marshallOut          0000000180020ae0 f   c4_fleet_model.obj
 0001:0001fb90       c4_sf_marshallIn           0000000180020b90 f   c4_fleet_model.obj
 0001:0001fc30       c4_b_sf_marshallOut        0000000180020c30 f   c4_fleet_model.obj
 0001:0001fdb0       c4_b_sf_marshallIn         0000000180020db0 f   c4_fleet_model.obj
 0001:0001feb0       sf_opaque_initialize_c4_fleet_model 0000000180020eb0 f   c4_fleet_model.obj
 0001:0001fef0       initialize_c4_fleet_model  0000000180020ef0 f   c4_fleet_model.obj
 0001:0001ff40       sf_opaque_enable_c4_fleet_model 0000000180020f40 f   c4_fleet_model.obj
 0001:0001ff60       enable_c4_fleet_model      0000000180020f60 f   c4_fleet_model.obj
 0001:0001ff90       sf_opaque_disable_c4_fleet_model 0000000180020f90 f   c4_fleet_model.obj
 0001:0001ffb0       disable_c4_fleet_model     0000000180020fb0 f   c4_fleet_model.obj
 0001:0001ffe0       sf_opaque_gateway_c4_fleet_model 0000000180020fe0 f   c4_fleet_model.obj
 0001:00020000       sf_gateway_c4_fleet_model  0000000180021000 f   c4_fleet_model.obj
 0001:00021730       c4_eml_error               0000000180022730 f   c4_fleet_model.obj
 0001:00021930       sf_opaque_get_sim_state_c4_fleet_model 0000000180022930 f   c4_fleet_model.obj
 0001:00021950       sf_opaque_set_sim_state_c4_fleet_model 0000000180022950 f   c4_fleet_model.obj
 0001:00021980       sf_opaque_terminate_c4_fleet_model 0000000180022980 f   c4_fleet_model.obj
 0001:00021a20       finalize_c4_fleet_model    0000000180022a20 f   c4_fleet_model.obj
 0001:00021a30       sf_opaque_init_subchart_simstructs 0000000180022a30 f   c4_fleet_model.obj
 0001:00021a50       initSimStructsc4_fleet_model 0000000180022a50 f   c4_fleet_model.obj
 0001:00021a60       mdlRTW_c4_fleet_model      0000000180022a60 f   c4_fleet_model.obj
 0001:00021b10       c5_info_helper             0000000180022b10 f   c5_fleet_model.obj
 0001:00025580       c5_emlrt_marshallOut       0000000180026580 f   c5_fleet_model.obj
 0001:00025610       c5_b_emlrt_marshallOut     0000000180026610 f   c5_fleet_model.obj
 0001:00025f20       get_sim_state_c5_fleet_model 0000000180026f20 f   c5_fleet_model.obj
 0001:00026250       sf_get_sim_state_info_c5_fleet_model 0000000180027250 f   c5_fleet_model.obj
 0001:00026420       set_sim_state_c5_fleet_model 0000000180027420 f   c5_fleet_model.obj
 0001:00026590       c5_update_debugger_state_c5_fleet_model 0000000180027590 f   c5_fleet_model.obj
 0001:000265a0       c5_emlrt_marshallIn        00000001800275a0 f   c5_fleet_model.obj
 0001:00026610       c5_b_emlrt_marshallIn      0000000180027610 f   c5_fleet_model.obj
 0001:000266a0       c5_d_emlrt_marshallIn      00000001800276a0 f   c5_fleet_model.obj
 0001:00026700       c5_e_emlrt_marshallIn      0000000180027700 f   c5_fleet_model.obj
 0001:00026800       mdlProcessParameters_c5_fleet_model 0000000180027800 f   c5_fleet_model.obj
 0001:000268e0       initialize_params_c5_fleet_model 00000001800278e0 f   c5_fleet_model.obj
 0001:000268f0       mdlSetWorkWidths_c5_fleet_model 00000001800278f0 f   c5_fleet_model.obj
 0001:00026dc0       sf_get_instance_specialization 0000000180027dc0 f   c5_fleet_model.obj
 0001:00026dd0       mdlStart_c5_fleet_model    0000000180027dd0 f   c5_fleet_model.obj
 0001:00027000       init_dsm_address_info      0000000180028000 f   c5_fleet_model.obj
 0001:00027010       chart_debug_initialization 0000000180028010 f   c5_fleet_model.obj
 0001:00027b00       init_script_number_translation 0000000180028b00 f   c5_fleet_model.obj
 0001:00027b20       c5_sf_marshallOut          0000000180028b20 f   c5_fleet_model.obj
 0001:00027bd0       c5_sf_marshallIn           0000000180028bd0 f   c5_fleet_model.obj
 0001:00027c70       c5_b_sf_marshallOut        0000000180028c70 f   c5_fleet_model.obj
 0001:00027de0       sf_opaque_initialize_c5_fleet_model 0000000180028de0 f   c5_fleet_model.obj
 0001:00027e20       initialize_c5_fleet_model  0000000180028e20 f   c5_fleet_model.obj
 0001:00027e70       sf_opaque_enable_c5_fleet_model 0000000180028e70 f   c5_fleet_model.obj
 0001:00027e90       enable_c5_fleet_model      0000000180028e90 f   c5_fleet_model.obj
 0001:00027ec0       sf_opaque_disable_c5_fleet_model 0000000180028ec0 f   c5_fleet_model.obj
 0001:00027ee0       disable_c5_fleet_model     0000000180028ee0 f   c5_fleet_model.obj
 0001:00027f10       sf_opaque_gateway_c5_fleet_model 0000000180028f10 f   c5_fleet_model.obj
 0001:00027f30       sf_gateway_c5_fleet_model  0000000180028f30 f   c5_fleet_model.obj
 0001:00028220       c5_chartstep_c5_fleet_model 0000000180029220 f   c5_fleet_model.obj
 0001:0002a300       c5_mpower                  000000018002b300 f   c5_fleet_model.obj
 0001:0002a370       c5_eml_scalar_eg           000000018002b370 f   c5_fleet_model.obj
 0001:0002a380       sf_opaque_get_sim_state_c5_fleet_model 000000018002b380 f   c5_fleet_model.obj
 0001:0002a3a0       sf_opaque_set_sim_state_c5_fleet_model 000000018002b3a0 f   c5_fleet_model.obj
 0001:0002a3d0       sf_opaque_terminate_c5_fleet_model 000000018002b3d0 f   c5_fleet_model.obj
 0001:0002a470       finalize_c5_fleet_model    000000018002b470 f   c5_fleet_model.obj
 0001:0002a480       sf_opaque_init_subchart_simstructs 000000018002b480 f   c5_fleet_model.obj
 0001:0002a4a0       initSimStructsc5_fleet_model 000000018002b4a0 f   c5_fleet_model.obj
 0001:0002a4b0       mdlRTW_c5_fleet_model      000000018002b4b0 f   c5_fleet_model.obj
 0001:0002a560       c6_info_helper             000000018002b560 f   c6_fleet_model.obj
 0001:0002b630       c6_emlrt_marshallOut       000000018002c630 f   c6_fleet_model.obj
 0001:0002b6c0       c6_b_emlrt_marshallOut     000000018002c6c0 f   c6_fleet_model.obj
 0001:0002c100       get_sim_state_c6_fleet_model 000000018002d100 f   c6_fleet_model.obj
 0001:0002c3c0       sf_get_sim_state_info_c6_fleet_model 000000018002d3c0 f   c6_fleet_model.obj
 0001:0002c590       set_sim_state_c6_fleet_model 000000018002d590 f   c6_fleet_model.obj
 0001:0002c6a0       c6_update_debugger_state_c6_fleet_model 000000018002d6a0 f   c6_fleet_model.obj
 0001:0002c6b0       c6_emlrt_marshallIn        000000018002d6b0 f   c6_fleet_model.obj
 0001:0002c720       c6_b_emlrt_marshallIn      000000018002d720 f   c6_fleet_model.obj
 0001:0002c7e0       c6_c_emlrt_marshallIn      000000018002d7e0 f   c6_fleet_model.obj
[...]
 0001:00040c90       mdlSetWorkWidths_c10_fleet_model 0000000180041c90 f   c10_fleet_model.obj
 0001:000411f0       sf_get_instance_specialization 00000001800421f0 f   c10_fleet_model.obj
 0001:00041200       mdlStart_c10_fleet_model   0000000180042200 f   c10_fleet_model.obj
 0001:00041430       init_dsm_address_info      0000000180042430 f   c10_fleet_model.obj
 0001:00041440       chart_debug_initialization 0000000180042440 f   c10_fleet_model.obj
 0001:000421f0       init_script_number_translation 00000001800431f0 f   c10_fleet_model.obj
 0001:00042210       c10_sf_marshallOut         0000000180043210 f   c10_fleet_model.obj
 0001:000422c0       c10_sf_marshallIn          00000001800432c0 f   c10_fleet_model.obj
 0001:00042360       c10_b_sf_marshallOut       0000000180043360 f   c10_fleet_model.obj
 0001:000424c0       c10_b_sf_marshallIn        00000001800434c0 f   c10_fleet_model.obj
 0001:000425c0       sf_opaque_initialize_c10_fleet_model 00000001800435c0 f   c10_fleet_model.obj
 0001:00042600       initialize_c10_fleet_model 0000000180043600 f   c10_fleet_model.obj
 0001:00042650       sf_opaque_enable_c10_fleet_model 0000000180043650 f   c10_fleet_model.obj
 0001:00042670       enable_c10_fleet_model     0000000180043670 f   c10_fleet_model.obj
 0001:000426a0       sf_opaque_disable_c10_fleet_model 00000001800436a0 f   c10_fleet_model.obj
 0001:000426c0       disable_c10_fleet_model    00000001800436c0 f   c10_fleet_model.obj
 0001:000426f0       sf_opaque_gateway_c10_fleet_model 00000001800436f0 f   c10_fleet_model.obj
 0001:00042710       sf_gateway_c10_fleet_model 0000000180043710 f   c10_fleet_model.obj
 0001:00043e50       c10_eml_error              0000000180044e50 f   c10_fleet_model.obj
 0001:00044060       sf_opaque_get_sim_state_c10_fleet_model 0000000180045060 f   c10_fleet_model.obj
 0001:00044080       sf_opaque_set_sim_state_c10_fleet_model 0000000180045080 f   c10_fleet_model.obj
 0001:000440b0       sf_opaque_terminate_c10_fleet_model 00000001800450b0 f   c10_fleet_model.obj
 0001:00044150       finalize_c10_fleet_model   0000000180045150 f   c10_fleet_model.obj
 0001:00044160       sf_opaque_init_subchart_simstructs 0000000180045160 f   c10_fleet_model.obj
 0001:00044180       initSimStructsc10_fleet_model 0000000180045180 f   c10_fleet_model.obj
 0001:00044190       mdlRTW_c10_fleet_model     0000000180045190 f   c10_fleet_model.obj
 0001:000449a0       get_sim_state_c15_fleet_model 00000001800459a0 f   c15_fleet_model.obj
 0001:00044c70       sf_get_sim_state_info_c15_fleet_model 0000000180045c70 f   c15_fleet_model.obj
 0001:00044e40       set_sim_state_c15_fleet_model 0000000180045e40 f   c15_fleet_model.obj
 0001:00044f50       c15_update_debugger_state_c15_fleet_model 0000000180045f50 f   c15_fleet_model.obj
 0001:00044f60       c15_emlrt_marshallIn       0000000180045f60 f   c15_fleet_model.obj
 0001:00044fd0       c15_b_emlrt_marshallIn     0000000180045fd0 f   c15_fleet_model.obj
 0001:00045090       c15_c_emlrt_marshallIn     0000000180046090 f   c15_fleet_model.obj
 0001:00045100       c15_d_emlrt_marshallIn     0000000180046100 f   c15_fleet_model.obj
 0001:00045190       c15_f_emlrt_marshallIn     0000000180046190 f   c15_fleet_model.obj
 0001:000451f0       c15_g_emlrt_marshallIn     00000001800461f0 f   c15_fleet_model.obj
 0001:000452f0       mdlProcessParameters_c15_fleet_model 00000001800462f0 f   c15_fleet_model.obj
 0001:000453d0       initialize_params_c15_fleet_model 00000001800463d0 f   c15_fleet_model.obj
 0001:000453e0       mdlSetWorkWidths_c15_fleet_model 00000001800463e0 f   c15_fleet_model.obj
 0001:000458e0       sf_get_instance_specialization 00000001800468e0 f   c15_fleet_model.obj
 0001:000458f0       mdlStart_c15_fleet_model   00000001800468f0 f   c15_fleet_model.obj
 0001:00045b20       init_dsm_address_info      0000000180046b20 f   c15_fleet_model.obj
 0001:00045b30       chart_debug_initialization 0000000180046b30 f   c15_fleet_model.obj
 0001:000464a0       init_script_number_translation 00000001800474a0 f   c15_fleet_model.obj
 0001:000464c0       c15_b_sf_marshallOut       00000001800474c0 f   c15_fleet_model.obj
 0001:00046570       c15_b_sf_marshallIn        0000000180047570 f   c15_fleet_model.obj
 0001:00046610       sf_opaque_initialize_c15_fleet_model 0000000180047610 f   c15_fleet_model.obj
 0001:00046650       initialize_c15_fleet_model 0000000180047650 f   c15_fleet_model.obj
 0001:000466a0       sf_opaque_enable_c15_fleet_model 00000001800476a0 f   c15_fleet_model.obj
 0001:000466c0       enable_c15_fleet_model     00000001800476c0 f   c15_fleet_model.obj
 0001:000466f0       sf_opaque_disable_c15_fleet_model 00000001800476f0 f   c15_fleet_model.obj
 0001:00046710       disable_c15_fleet_model    0000000180047710 f   c15_fleet_model.obj
 0001:00046740       sf_opaque_gateway_c15_fleet_model 0000000180047740 f   c15_fleet_model.obj
 0001:00046760       sf_gateway_c15_fleet_model 0000000180047760 f   c15_fleet_model.obj
 0001:00047180       c15_sf_marshallOut         0000000180048180 f   c15_fleet_model.obj
 0001:000472a0       c15_sf_marshallIn          00000001800482a0 f   c15_fleet_model.obj
 0001:00047340       sf_opaque_get_sim_state_c15_fleet_model 0000000180048340 f   c15_fleet_model.obj
 0001:00047360       sf_opaque_set_sim_state_c15_fleet_model 0000000180048360 f   c15_fleet_model.obj
 0001:00047390       sf_opaque_terminate_c15_fleet_model 0000000180048390 f   c15_fleet_model.obj
 0001:00047430       finalize_c15_fleet_model   0000000180048430 f   c15_fleet_model.obj
 0001:00047440       sf_opaque_init_subchart_simstructs 0000000180048440 f   c15_fleet_model.obj
 0001:00047460       initSimStructsc15_fleet_model 0000000180048460 f   c15_fleet_model.obj
 0001:00047470       mdlRTW_c15_fleet_model     0000000180048470 f   c15_fleet_model.obj
 0001:00047c80       get_sim_state_c16_fleet_model 0000000180048c80 f   c16_fleet_model.obj
 0001:00047f50       sf_get_sim_state_info_c16_fleet_model 0000000180048f50 f   c16_fleet_model.obj
 0001:00048120       set_sim_state_c16_fleet_model 0000000180049120 f   c16_fleet_model.obj
 0001:00048230       c16_update_debugger_state_c16_fleet_model 0000000180049230 f   c16_fleet_model.obj
 0001:00048240       c16_emlrt_marshallIn       0000000180049240 f   c16_fleet_model.obj
 0001:000482b0       c16_b_emlrt_marshallIn     00000001800492b0 f   c16_fleet_model.obj
 0001:00048370       c16_c_emlrt_marshallIn     0000000180049370 f   c16_fleet_model.obj
 0001:000483e0       c16_d_emlrt_marshallIn     00000001800493e0 f   c16_fleet_model.obj
 0001:00048470       c16_f_emlrt_marshallIn     0000000180049470 f   c16_fleet_model.obj
 0001:000484d0       c16_g_emlrt_marshallIn     00000001800494d0 f   c16_fleet_model.obj
 0001:000485d0       mdlProcessParameters_c16_fleet_model 00000001800495d0 f   c16_fleet_model.obj
 0001:000486b0       initialize_params_c16_fleet_model 00000001800496b0 f   c16_fleet_model.obj
 0001:000486c0       mdlSetWorkWidths_c16_fleet_model 00000001800496c0 f   c16_fleet_model.obj
 0001:00048bc0       sf_get_instance_specialization 0000000180049bc0 f   c16_fleet_model.obj
 0001:00048bd0       mdlStart_c16_fleet_model   0000000180049bd0 f   c16_fleet_model.obj
 0001:00048e00       init_dsm_address_info      0000000180049e00 f   c16_fleet_model.obj
 0001:00048e10       chart_debug_initialization 0000000180049e10 f   c16_fleet_model.obj
 0001:00049780       init_script_number_translation 000000018004a780 f   c16_fleet_model.obj
 0001:000497a0       c16_b_sf_marshallOut       000000018004a7a0 f   c16_fleet_model.obj
 0001:00049850       c16_b_sf_marshallIn        000000018004a850 f   c16_fleet_model.obj
 0001:000498f0       sf_opaque_initialize_c16_fleet_model 000000018004a8f0 f   c16_fleet_model.obj
 0001:00049930       initialize_c16_fleet_model 000000018004a930 f   c16_fleet_model.obj
 0001:00049980       sf_opaque_enable_c16_fleet_model 000000018004a980 f   c16_fleet_model.obj
 0001:000499a0       enable_c16_fleet_model     000000018004a9a0 f   c16_fleet_model.obj
 0001:000499d0       sf_opaque_disable_c16_fleet_model 000000018004a9d0 f   c16_fleet_model.obj
 0001:000499f0       disable_c16_fleet_model    000000018004a9f0 f   c16_fleet_model.obj
 0001:00049a20       sf_opaque_gateway_c16_fleet_model 000000018004aa20 f   c16_fleet_model.obj
 0001:00049a40       sf_gateway_c16_fleet_model 000000018004aa40 f   c16_fleet_model.obj
 0001:0004a470       c16_sf_marshallOut         000000018004b470 f   c16_fleet_model.obj
 0001:0004a590       c16_sf_marshallIn          000000018004b590 f   c16_fleet_model.obj
 0001:0004a630       sf_opaque_get_sim_state_c16_fleet_model 000000018004b630 f   c16_fleet_model.obj
 0001:0004a650       sf_opaque_set_sim_state_c16_fleet_model 000000018004b650 f   c16_fleet_model.obj
 0001:0004a680       sf_opaque_terminate_c16_fleet_model 000000018004b680 f   c16_fleet_model.obj
 0001:0004a720       finalize_c16_fleet_model   000000018004b720 f   c16_fleet_model.obj
 0001:0004a730       sf_opaque_init_subchart_simstructs 000000018004b730 f   c16_fleet_model.obj
 0001:0004a750       initSimStructsc16_fleet_model 000000018004b750 f   c16_fleet_model.obj
 0001:0004a760       mdlRTW_c16_fleet_model     000000018004b760 f   c16_fleet_model.obj
 0001:0004af70       get_sim_state_c17_fleet_model 000000018004bf70 f   c17_fleet_model.obj
 0001:0004b240       sf_get_sim_state_info_c17_fleet_model 000000018004c240 f   c17_fleet_model.obj
 0001:0004b410       set_sim_state_c17_fleet_model 000000018004c410 f   c17_fleet_model.obj
 0001:0004b520       c17_update_debugger_state_c17_fleet_model 000000018004c520 f   c17_fleet_model.obj
 0001:0004b530       c17_emlrt_marshallIn       000000018004c530 f   c17_fleet_model.obj
 0001:0004b5a0       c17_b_emlrt_marshallIn     000000018004c5a0 f   c17_fleet_model.obj
 0001:0004b660       c17_c_emlrt_marshallIn     000000018004c660 f   c17_fleet_model.obj
 0001:0004b6d0       c17_d_emlrt_marshallIn     000000018004c6d0 f   c17_fleet_model.obj
 0001:0004b760       c17_f_emlrt_marshallIn     000000018004c760 f   c17_fleet_model.obj
 0001:0004b7c0       c17_g_emlrt_marshallIn     000000018004c7c0 f   c17_fleet_model.obj
 0001:0004b8c0       mdlProcessParameters_c17_fleet_model 000000018004c8c0 f   c17_fleet_model.obj
 0001:0004b9a0       initialize_params_c17_fleet_model 000000018004c9a0 f   c17_fleet_model.obj
 0001:0004b9b0       mdlSetWorkWidths_c17_fleet_model 000000018004c9b0 f   c17_fleet_model.obj
 0001:0004beb0       sf_get_instance_specialization 000000018004ceb0 f   c17_fleet_model.obj
 0001:0004bec0       mdlStart_c17_fleet_model   000000018004cec0 f   c17_fleet_model.obj
 0001:0004c0f0       init_dsm_address_info      000000018004d0f0 f   c17_fleet_model.obj
 0001:0004c100       chart_debug_initialization 000000018004d100 f   c17_fleet_model.obj
 0001:0004ca70       init_script_number_translation 000000018004da70 f   c17_fleet_model.obj
 0001:0004ca90       c17_b_sf_marshallOut       000000018004da90 f   c17_fleet_model.obj
 0001:0004cb40       c17_b_sf_marshallIn        000000018004db40 f   c17_fleet_model.obj
 0001:0004cbe0       sf_opaque_initialize_c17_fleet_model 000000018004dbe0 f   c17_fleet_model.obj
 0001:0004cc20       initialize_c17_fleet_model 000000018004dc20 f   c17_fleet_model.obj
 0001:0004cc70       sf_opaque_enable_c17_fleet_model 000000018004dc70 f   c17_fleet_model.obj
 0001:0004cc90       enable_c17_fleet_model     000000018004dc90 f   c17_fleet_model.obj
 0001:0004ccc0       sf_opaque_disable_c17_fleet_model 000000018004dcc0 f   c17_fleet_model.obj
 0001:0004cce0       disable_c17_fleet_model    000000018004dce0 f   c17_fleet_model.obj
 0001:0004cd10       sf_opaque_gateway_c17_fleet_model 000000018004dd10 f   c17_fleet_model.obj
 0001:0004cd30       sf_gateway_c17_fleet_model 000000018004dd30 f   c17_fleet_model.obj
 0001:0004d750       c17_sf_marshallOut         000000018004e750 f   c17_fleet_model.obj
 0001:0004d870       c17_sf_marshallIn          000000018004e870 f   c17_fleet_model.obj
 0001:0004d910       sf_opaque_get_sim_state_c17_fleet_model 000000018004e910 f   c17_fleet_model.obj
 0001:0004d930       sf_opaque_set_sim_state_c17_fleet_model 000000018004e930 f   c17_fleet_model.obj
 0001:0004d960       sf_opaque_terminate_c17_fleet_model 000000018004e960 f   c17_fleet_model.obj
 0001:0004da00       finalize_c17_fleet_model   000000018004ea00 f   c17_fleet_model.obj
 0001:0004da10       sf_opaque_init_subchart_simstructs 000000018004ea10 f   c17_fleet_model.obj
 0001:0004da30       initSimStructsc17_fleet_model 000000018004ea30 f   c17_fleet_model.obj
 0001:0004da40       mdlRTW_c17_fleet_model     000000018004ea40 f   c17_fleet_model.obj
 0001:0004e250       get_sim_state_c18_fleet_model 000000018004f250 f   c18_fleet_model.obj
 0001:0004e510       sf_get_sim_state_info_c18_fleet_model 000000018004f510 f   c18_fleet_model.obj
 0001:0004e6e0       set_sim_state_c18_fleet_model 000000018004f6e0 f   c18_fleet_model.obj
 0001:0004e7f0       c18_update_debugger_state_c18_fleet_model 000000018004f7f0 f   c18_fleet_model.obj
 0001:0004e800       c18_emlrt_marshallIn       000000018004f800 f   c18_fleet_model.obj
 0001:0004e870       c18_b_emlrt_marshallIn     000000018004f870 f   c18_fleet_model.obj
 0001:0004e930       c18_c_emlrt_marshallIn     000000018004f930 f   c18_fleet_model.obj
 0001:0004e9a0       c18_d_emlrt_marshallIn     000000018004f9a0 f   c18_fleet_model.obj
 0001:0004ea30       c18_f_emlrt_marshallIn     000000018004fa30 f   c18_fleet_model.obj
 0001:0004ea90       c18_g_emlrt_marshallIn     000000018004fa90 f   c18_fleet_model.obj
 0001:0004eb90       mdlProcessParameters_c18_fleet_model 000000018004fb90 f   c18_fleet_model.obj
 0001:0004ec70       initialize_params_c18_fleet_model 000000018004fc70 f   c18_fleet_model.obj
 0001:0004ec80       mdlSetWorkWidths_c18_fleet_model 000000018004fc80 f   c18_fleet_model.obj
 0001:0004f180       sf_get_instance_specialization 0000000180050180 f   c18_fleet_model.obj
 0001:0004f190       mdlStart_c18_fleet_model   0000000180050190 f   c18_fleet_model.obj
 0001:0004f3c0       init_dsm_address_info      00000001800503c0 f   c18_fleet_model.obj
 0001:0004f3d0       chart_debug_initialization 00000001800503d0 f   c18_fleet_model.obj
 0001:0004fd40       init_script_number_translation 0000000180050d40 f   c18_fleet_model.obj
 0001:0004fd60       c18_b_sf_marshallOut       0000000180050d60 f   c18_fleet_model.obj
 0001:0004fe10       c18_b_sf_marshallIn        0000000180050e10 f   c18_fleet_model.obj
 0001:0004feb0       sf_opaque_initialize_c18_fleet_model 0000000180050eb0 f   c18_fleet_model.obj
 0001:0004fef0       initialize_c18_fleet_model 0000000180050ef0 f   c18_fleet_model.obj
 0001:0004ff40       sf_opaque_enable_c18_fleet_model 0000000180050f40 f   c18_fleet_model.obj
 0001:0004ff60       enable_c18_fleet_model     0000000180050f60 f   c18_fleet_model.obj
 0001:0004ff90       sf_opaque_disable_c18_fleet_model 0000000180050f90 f   c18_fleet_model.obj
 0001:0004ffb0       disable_c18_fleet_model    0000000180050fb0 f   c18_fleet_model.obj
 0001:0004ffe0       sf_opaque_gateway_c18_fleet_model 0000000180050fe0 f   c18_fleet_model.obj
 0001:00050000       sf_gateway_c18_fleet_model 0000000180051000 f   c18_fleet_model.obj
 0001:00050a20       c18_sf_marshallOut         0000000180051a20 f   c18_fleet_model.obj
 0001:00050b40       c18_sf_marshallIn          0000000180051b40 f   c18_fleet_model.obj
 0001:00050be0       sf_opaque_get_sim_state_c18_fleet_model 0000000180051be0 f   c18_fleet_model.obj
 0001:00050c00       sf_opaque_set_sim_state_c18_fleet_model 0000000180051c00 f   c18_fleet_model.obj
 0001:00050c30       sf_opaque_terminate_c18_fleet_model 0000000180051c30 f   c18_fleet_model.obj
 0001:00050cd0       finalize_c18_fleet_model   0000000180051cd0 f   c18_fleet_model.obj
 0001:00050ce0       sf_opaque_init_subchart_simstructs 0000000180051ce0 f   c18_fleet_model.obj
 0001:00050d00       initSimStructsc18_fleet_model 0000000180051d00 f   c18_fleet_model.obj
 0001:00050d10       mdlRTW_c18_fleet_model     0000000180051d10 f   c18_fleet_model.obj
 0001:00051680       getChartInfoFromSimStruct  0000000180052680 f   fleet_model_sfun_registry.obj
 0001:00052d20       _ssFatalError              0000000180053d20 f   fleet_model_sfun_registry.obj
 0001:00055dd0       ProcessMexSfunctionCmdLineCall 0000000180056dd0 f   fleet_model_sfun_registry.obj
 0001:00055f00       sf_debug_api_wrapper       0000000180056f00 f   fleet_model_sfun_registry.obj
 0001:00055f50       mdlStart                   0000000180056f50 f   fleet_model_sfun_registry.obj
 0001:00055f80       mdl_start_processing       0000000180056f80 f   fleet_model_sfun_registry.obj
 0001:00056010       mdlTerminate               0000000180057010 f   fleet_model_sfun_registry.obj
 0001:00056040       mdl_terminate_processing   0000000180057040 f   fleet_model_sfun_registry.obj
 0001:000560c0       mdlInitializeSampleTimes   00000001800570c0 f   fleet_model_sfun_registry.obj
 0001:000560f0       mdlZeroCrossings           00000001800570f0 f   fleet_model_sfun_registry.obj
 0001:00056120       mdl_zeroCrossings_processing 0000000180057120 f   fleet_model_sfun_registry.obj
 0001:00056160       mdlDerivatives             0000000180057160 f   fleet_model_sfun_registry.obj
 0001:00056190       mdl_derivatives_processing 0000000180057190 f   fleet_model_sfun_registry.obj
 0001:000561e0       mdlInitializeConditions    00000001800571e0 f   fleet_model_sfun_registry.obj
 0001:00056210       mdl_initialize_conditions_processing 0000000180057210 f   fleet_model_sfun_registry.obj
 0001:00056260       mdlEnable                  0000000180057260 f   fleet_model_sfun_registry.obj
 0001:00056290       mdl_enable_processing      0000000180057290 f   fleet_model_sfun_registry.obj
 0001:000562d0       mdlDisable                 00000001800572d0 f   fleet_model_sfun_registry.obj
 0001:00056300       mdl_disable_processing     0000000180057300 f   fleet_model_sfun_registry.obj
 0001:00056340       mdlOutputs                 0000000180057340 f   fleet_model_sfun_registry.obj
 0001:00056370       mdl_outputs_processing     0000000180057370 f   fleet_model_sfun_registry.obj
 0001:00056450       mdl_outputs_continuous_legacy 0000000180057450 f   fleet_model_sfun_registry.obj
 0001:00056540       mdlGetTimeOfNextVarHit     0000000180057540 f   fleet_model_sfun_registry.obj
 0001:00056590       _ProcessMexSfunctionCmdLineCall 0000000180057590 f   fleet_model_sfun_registry.obj
 0001:00056ce0       mdlSetWorkWidths           0000000180057ce0 f   fleet_model_sfun_registry.obj
 0001:00056d10       mdlProcessParameters       0000000180057d10 f   fleet_model_sfun_registry.obj
 0001:00056d40       mdlInitializeSizes         0000000180057d40 f   fleet_model_sfun_registry.obj
 0001:00056d70       mdlExtModeExec             0000000180057d70 f   fleet_model_sfun_registry.obj
 0001:00056da0       mdl_ext_mode_exec_processing 0000000180057da0 f   fleet_model_sfun_registry.obj
 0001:00056de0       mdlRTW                     0000000180057de0 f   fleet_model_sfun_registry.obj
 0001:00056e20       _CreateSimStruct           0000000180057e20 f   fleet_model_sfun_registry.obj
 0001:00056fb0       _RegNumInputPortsCB        0000000180057fb0 f   fleet_model_sfun_registry.obj
 0001:00057030       _RegNumOutputPortsCB       0000000180058030 f   fleet_model_sfun_registry.obj
 0001:00057568       pre_c_init                 0000000180058568 f   MSVCRT:crtdll.obj
 0001:00057824       __DllMainCRTStartup        0000000180058824 f   MSVCRT:crtdll.obj
 0001:00057e90       __DllMainCRTStartup$filt$0 0000000180058e90 f   MSVCRT:crtdll.obj
 0001:00057ec0       __DllMainCRTStartup$fin$1  0000000180058ec0 f   MSVCRT:crtdll.obj
 0001:00057eda       _onexit$fin$0              0000000180058eda f   MSVCRT:atonexit.obj
 0001:00057f00       _IsNonwritableInCurrentImage$filt$0 0000000180058f00 f   MSVCRT:pesect.obj
